Copyright 1986-2022 Xilinx, Inc. All Rights Reserved.
------------------------------------------------------------------------------------
| Tool Version : Vivado v.2022.2 (win64) Build 3671981 Fri Oct 14 05:00:03 MDT 2022
| Date         : Thu Apr  9 16:19:22 2026
| Host         : kiran-kumar-siripurapu running 64-bit major release  (build 9200)
| Command      : report_drc -file impl_drc.rpt
| Design       : kraken_soc_func_fpga
| Device       : xc7a200tsbg484-1
| Speed File   : -1
| Design State : Fully Routed
------------------------------------------------------------------------------------

Report DRC

Table of Contents
-----------------
1. REPORT SUMMARY
2. REPORT DETAILS

1. REPORT SUMMARY
-----------------
            Netlist: netlist
          Floorplan: impl_1
      Design limits: <entire design considered>
           Ruledeck: default
             Max violations: <unlimited>
             Violations found: 91
+-------------+----------+---------------------------------+------------+
| Rule        | Severity | Description                     | Violations |
+-------------+----------+---------------------------------+------------+
| CHECK-3     | Warning  | Report rule limit reached       | 2          |
| DPIP-1      | Warning  | Input pipelining                | 26         |
| DPOP-1      | Warning  | PREG Output pipelining          | 12         |
| DPOP-2      | Warning  | MREG Output pipelining          | 9          |
| PLBUFGOPT-1 | Warning  | Non-Optimal connections to BUFG | 2          |
| REQP-1839   | Warning  | RAMB36 async control check      | 20         |
| REQP-1840   | Warning  | RAMB18 async control check      | 20         |
+-------------+----------+---------------------------------+------------+

2. REPORT DETAILS
-----------------
CHECK-3#1 Warning
Report rule limit reached  
REQP-1839 rule limit reached: 20 violations have been found.
Related violations: <none>

CHECK-3#2 Warning
Report rule limit reached  
REQP-1840 rule limit reached: 20 violations have been found.
Related violations: <none>

DPIP-1#1 Warning
Input pipelining  
DSP i_soc/i_cutie/cutie_i/pipeline[0].weightmemory_controller/weights_save_enable_o4 input i_soc/i_cutie/cutie_i/pipeline[0].weightmemory_controller/weights_save_enable_o4/A[29:0] is not pipelined. Pipelining DSP48 input will improve performance.
Related violations: <none>

DPIP-1#2 Warning
Input pipelining  
DSP i_soc/i_cutie/cutie_i/pipeline[0].weightmemory_controller/weights_save_enable_o4 input i_soc/i_cutie/cutie_i/pipeline[0].weightmemory_controller/weights_save_enable_o4/B[17:0] is not pipelined. Pipelining DSP48 input will improve performance.
Related violations: <none>

DPIP-1#3 Warning
Input pipelining  
DSP i_soc/i_cutie/cutie_i/pipeline[0].weightmemory_controller/weights_save_enable_o4__0 input i_soc/i_cutie/cutie_i/pipeline[0].weightmemory_controller/weights_save_enable_o4__0/A[29:0] is not pipelined. Pipelining DSP48 input will improve performance.
Related violations: <none>

DPIP-1#4 Warning
Input pipelining  
DSP i_soc/i_cutie/cutie_i/pipeline[0].weightmemory_controller/weights_save_enable_o4__0 input i_soc/i_cutie/cutie_i/pipeline[0].weightmemory_controller/weights_save_enable_o4__0/B[17:0] is not pipelined. Pipelining DSP48 input will improve performance.
Related violations: <none>

DPIP-1#5 Warning
Input pipelining  
DSP i_soc/i_cutie/cutie_i/pipeline[0].weightmemory_controller/weights_save_enable_o4__0 input i_soc/i_cutie/cutie_i/pipeline[0].weightmemory_controller/weights_save_enable_o4__0/C[47:0] is not pipelined. Pipelining DSP48 input will improve performance.
Related violations: <none>

DPIP-1#6 Warning
Input pipelining  
DSP i_soc/i_cutie/cutie_i/pipeline[1].weightmemory_controller/weights_save_enable_o4 input i_soc/i_cutie/cutie_i/pipeline[1].weightmemory_controller/weights_save_enable_o4/A[29:0] is not pipelined. Pipelining DSP48 input will improve performance.
Related violations: <none>

DPIP-1#7 Warning
Input pipelining  
DSP i_soc/i_cutie/cutie_i/pipeline[1].weightmemory_controller/weights_save_enable_o4 input i_soc/i_cutie/cutie_i/pipeline[1].weightmemory_controller/weights_save_enable_o4/B[17:0] is not pipelined. Pipelining DSP48 input will improve performance.
Related violations: <none>

DPIP-1#8 Warning
Input pipelining  
DSP i_soc/i_cutie/cutie_i/pipeline[1].weightmemory_controller/weights_save_enable_o4__0 input i_soc/i_cutie/cutie_i/pipeline[1].weightmemory_controller/weights_save_enable_o4__0/A[29:0] is not pipelined. Pipelining DSP48 input will improve performance.
Related violations: <none>

DPIP-1#9 Warning
Input pipelining  
DSP i_soc/i_cutie/cutie_i/pipeline[1].weightmemory_controller/weights_save_enable_o4__0 input i_soc/i_cutie/cutie_i/pipeline[1].weightmemory_controller/weights_save_enable_o4__0/B[17:0] is not pipelined. Pipelining DSP48 input will improve performance.
Related violations: <none>

DPIP-1#10 Warning
Input pipelining  
DSP i_soc/i_cutie/cutie_i/pipeline[1].weightmemory_controller/weights_save_enable_o4__0 input i_soc/i_cutie/cutie_i/pipeline[1].weightmemory_controller/weights_save_enable_o4__0/C[47:0] is not pipelined. Pipelining DSP48 input will improve performance.
Related violations: <none>

DPIP-1#11 Warning
Input pipelining  
DSP i_soc/i_pulp_cluster/gen_cores[0].i_core/ex_stage_i/mult_i/short_mac input i_soc/i_pulp_cluster/gen_cores[0].i_core/ex_stage_i/mult_i/short_mac/C[47:0] is not pipelined. Pipelining DSP48 input will improve performance.
Related violations: <none>

DPIP-1#12 Warning
Input pipelining  
DSP i_soc/i_pulp_cluster/gen_cores[0].i_core/ex_stage_i/mult_i/short_mul input i_soc/i_pulp_cluster/gen_cores[0].i_core/ex_stage_i/mult_i/short_mul/A[29:0] is not pipelined. Pipelining DSP48 input will improve performance.
Related violations: <none>

DPIP-1#13 Warning
Input pipelining  
DSP i_soc/i_pulp_cluster/gen_cores[0].i_core/ex_stage_i/mult_i/short_mul input i_soc/i_pulp_cluster/gen_cores[0].i_core/ex_stage_i/mult_i/short_mul/B[17:0] is not pipelined. Pipelining DSP48 input will improve performance.
Related violations: <none>

DPIP-1#14 Warning
Input pipelining  
DSP i_soc/i_pulp_cluster/gen_cores[0].i_core/ex_stage_i/mult_i/unamedDSP input i_soc/i_pulp_cluster/gen_cores[0].i_core/ex_stage_i/mult_i/unamedDSP/A[29:0] is not pipelined. Pipelining DSP48 input will improve performance.
Related violations: <none>

DPIP-1#15 Warning
Input pipelining  
DSP i_soc/i_pulp_cluster/gen_cores[0].i_core/ex_stage_i/mult_i/unamedDSP input i_soc/i_pulp_cluster/gen_cores[0].i_core/ex_stage_i/mult_i/unamedDSP/B[17:0] is not pipelined. Pipelining DSP48 input will improve performance.
Related violations: <none>

DPIP-1#16 Warning
Input pipelining  
DSP i_soc/i_pulp_cluster/gen_cores[0].i_core/ex_stage_i/mult_i/unamedDSP__0 input i_soc/i_pulp_cluster/gen_cores[0].i_core/ex_stage_i/mult_i/unamedDSP__0/A[29:0] is not pipelined. Pipelining DSP48 input will improve performance.
Related violations: <none>

DPIP-1#17 Warning
Input pipelining  
DSP i_soc/i_pulp_cluster/gen_cores[0].i_core/ex_stage_i/mult_i/unamedDSP__0 input i_soc/i_pulp_cluster/gen_cores[0].i_core/ex_stage_i/mult_i/unamedDSP__0/B[17:0] is not pipelined. Pipelining DSP48 input will improve performance.
Related violations: <none>

DPIP-1#18 Warning
Input pipelining  
DSP i_soc/i_pulp_cluster/gen_cores[0].i_core/ex_stage_i/mult_i/unamedDSP__1 input i_soc/i_pulp_cluster/gen_cores[0].i_core/ex_stage_i/mult_i/unamedDSP__1/A[29:0] is not pipelined. Pipelining DSP48 input will improve performance.
Related violations: <none>

DPIP-1#19 Warning
Input pipelining  
DSP i_soc/i_pulp_cluster/gen_cores[0].i_core/ex_stage_i/mult_i/unamedDSP__1 input i_soc/i_pulp_cluster/gen_cores[0].i_core/ex_stage_i/mult_i/unamedDSP__1/B[17:0] is not pipelined. Pipelining DSP48 input will improve performance.
Related violations: <none>

DPIP-1#20 Warning
Input pipelining  
DSP i_soc/i_pulp_cluster/gen_cores[0].i_core/ex_stage_i/mult_i/unamedDSP__1 input i_soc/i_pulp_cluster/gen_cores[0].i_core/ex_stage_i/mult_i/unamedDSP__1/C[47:0] is not pipelined. Pipelining DSP48 input will improve performance.
Related violations: <none>

DPIP-1#21 Warning
Input pipelining  
DSP i_soc/i_sne/i_sne/streamer[0].i_evt_streamer/i_evt_streamer_ctrl/spike_decoded_address1 input i_soc/i_sne/i_sne/streamer[0].i_evt_streamer/i_evt_streamer_ctrl/spike_decoded_address1/A[29:0] is not pipelined. Pipelining DSP48 input will improve performance.
Related violations: <none>

DPIP-1#22 Warning
Input pipelining  
DSP i_soc/i_sne/i_sne/streamer[0].i_evt_streamer/i_evt_streamer_ctrl/spike_decoded_address1 input i_soc/i_sne/i_sne/streamer[0].i_evt_streamer/i_evt_streamer_ctrl/spike_decoded_address1/B[17:0] is not pipelined. Pipelining DSP48 input will improve performance.
Related violations: <none>

DPIP-1#23 Warning
Input pipelining  
DSP i_soc/i_sne/i_sne/streamer[0].i_evt_streamer/i_evt_streamer_ctrl/spike_decoded_address4 input i_soc/i_sne/i_sne/streamer[0].i_evt_streamer/i_evt_streamer_ctrl/spike_decoded_address4/B[17:0] is not pipelined. Pipelining DSP48 input will improve performance.
Related violations: <none>

DPIP-1#24 Warning
Input pipelining  
DSP i_soc/i_sne/i_sne/streamer[1].i_evt_streamer/i_evt_streamer_ctrl/spike_decoded_address1 input i_soc/i_sne/i_sne/streamer[1].i_evt_streamer/i_evt_streamer_ctrl/spike_decoded_address1/A[29:0] is not pipelined. Pipelining DSP48 input will improve performance.
Related violations: <none>

DPIP-1#25 Warning
Input pipelining  
DSP i_soc/i_sne/i_sne/streamer[1].i_evt_streamer/i_evt_streamer_ctrl/spike_decoded_address1 input i_soc/i_sne/i_sne/streamer[1].i_evt_streamer/i_evt_streamer_ctrl/spike_decoded_address1/B[17:0] is not pipelined. Pipelining DSP48 input will improve performance.
Related violations: <none>

DPIP-1#26 Warning
Input pipelining  
DSP i_soc/i_sne/i_sne/streamer[1].i_evt_streamer/i_evt_streamer_ctrl/spike_decoded_address4 input i_soc/i_sne/i_sne/streamer[1].i_evt_streamer/i_evt_streamer_ctrl/spike_decoded_address4/B[17:0] is not pipelined. Pipelining DSP48 input will improve performance.
Related violations: <none>

DPOP-1#1 Warning
PREG Output pipelining  
DSP i_soc/i_cutie/cutie_i/pipeline[0].weightmemory_controller/weights_save_enable_o4 output i_soc/i_cutie/cutie_i/pipeline[0].weightmemory_controller/weights_save_enable_o4/P[47:0] is not pipelined (PREG=0). Pipelining the DSP48 output will improve performance and often saves power so it is suggested whenever possible to fully pipeline this function.  If this DSP48 function was inferred, it is suggested to describe an additional register stage after this function.  If the DSP48 was instantiated in the design, it is suggested to set the PREG attribute to 1.
Related violations: <none>

DPOP-1#2 Warning
PREG Output pipelining  
DSP i_soc/i_cutie/cutie_i/pipeline[0].weightmemory_controller/weights_save_enable_o4__0 output i_soc/i_cutie/cutie_i/pipeline[0].weightmemory_controller/weights_save_enable_o4__0/P[47:0] is not pipelined (PREG=0). Pipelining the DSP48 output will improve performance and often saves power so it is suggested whenever possible to fully pipeline this function.  If this DSP48 function was inferred, it is suggested to describe an additional register stage after this function.  If the DSP48 was instantiated in the design, it is suggested to set the PREG attribute to 1.
Related violations: <none>

DPOP-1#3 Warning
PREG Output pipelining  
DSP i_soc/i_cutie/cutie_i/pipeline[1].weightmemory_controller/weights_save_enable_o4 output i_soc/i_cutie/cutie_i/pipeline[1].weightmemory_controller/weights_save_enable_o4/P[47:0] is not pipelined (PREG=0). Pipelining the DSP48 output will improve performance and often saves power so it is suggested whenever possible to fully pipeline this function.  If this DSP48 function was inferred, it is suggested to describe an additional register stage after this function.  If the DSP48 was instantiated in the design, it is suggested to set the PREG attribute to 1.
Related violations: <none>

DPOP-1#4 Warning
PREG Output pipelining  
DSP i_soc/i_cutie/cutie_i/pipeline[1].weightmemory_controller/weights_save_enable_o4__0 output i_soc/i_cutie/cutie_i/pipeline[1].weightmemory_controller/weights_save_enable_o4__0/P[47:0] is not pipelined (PREG=0). Pipelining the DSP48 output will improve performance and often saves power so it is suggested whenever possible to fully pipeline this function.  If this DSP48 function was inferred, it is suggested to describe an additional register stage after this function.  If the DSP48 was instantiated in the design, it is suggested to set the PREG attribute to 1.
Related violations: <none>

DPOP-1#5 Warning
PREG Output pipelining  
DSP i_soc/i_pulp_cluster/gen_cores[0].i_core/ex_stage_i/mult_i/short_mac output i_soc/i_pulp_cluster/gen_cores[0].i_core/ex_stage_i/mult_i/short_mac/P[47:0] is not pipelined (PREG=0). Pipelining the DSP48 output will improve performance and often saves power so it is suggested whenever possible to fully pipeline this function.  If this DSP48 function was inferred, it is suggested to describe an additional register stage after this function.  If the DSP48 was instantiated in the design, it is suggested to set the PREG attribute to 1.
Related violations: <none>

DPOP-1#6 Warning
PREG Output pipelining  
DSP i_soc/i_pulp_cluster/gen_cores[0].i_core/ex_stage_i/mult_i/unamedDSP output i_soc/i_pulp_cluster/gen_cores[0].i_core/ex_stage_i/mult_i/unamedDSP/P[47:0] is not pipelined (PREG=0). Pipelining the DSP48 output will improve performance and often saves power so it is suggested whenever possible to fully pipeline this function.  If this DSP48 function was inferred, it is suggested to describe an additional register stage after this function.  If the DSP48 was instantiated in the design, it is suggested to set the PREG attribute to 1.
Related violations: <none>

DPOP-1#7 Warning
PREG Output pipelining  
DSP i_soc/i_pulp_cluster/gen_cores[0].i_core/ex_stage_i/mult_i/unamedDSP__0 output i_soc/i_pulp_cluster/gen_cores[0].i_core/ex_stage_i/mult_i/unamedDSP__0/P[47:0] is not pipelined (PREG=0). Pipelining the DSP48 output will improve performance and often saves power so it is suggested whenever possible to fully pipeline this function.  If this DSP48 function was inferred, it is suggested to describe an additional register stage after this function.  If the DSP48 was instantiated in the design, it is suggested to set the PREG attribute to 1.
Related violations: <none>

DPOP-1#8 Warning
PREG Output pipelining  
DSP i_soc/i_pulp_cluster/gen_cores[0].i_core/ex_stage_i/mult_i/unamedDSP__1 output i_soc/i_pulp_cluster/gen_cores[0].i_core/ex_stage_i/mult_i/unamedDSP__1/P[47:0] is not pipelined (PREG=0). Pipelining the DSP48 output will improve performance and often saves power so it is suggested whenever possible to fully pipeline this function.  If this DSP48 function was inferred, it is suggested to describe an additional register stage after this function.  If the DSP48 was instantiated in the design, it is suggested to set the PREG attribute to 1.
Related violations: <none>

DPOP-1#9 Warning
PREG Output pipelining  
DSP i_soc/i_sne/i_sne/streamer[0].i_evt_streamer/i_evt_streamer_ctrl/spike_decoded_address1 output i_soc/i_sne/i_sne/streamer[0].i_evt_streamer/i_evt_streamer_ctrl/spike_decoded_address1/P[47:0] is not pipelined (PREG=0). Pipelining the DSP48 output will improve performance and often saves power so it is suggested whenever possible to fully pipeline this function.  If this DSP48 function was inferred, it is suggested to describe an additional register stage after this function.  If the DSP48 was instantiated in the design, it is suggested to set the PREG attribute to 1.
Related violations: <none>

DPOP-1#10 Warning
PREG Output pipelining  
DSP i_soc/i_sne/i_sne/streamer[0].i_evt_streamer/i_evt_streamer_ctrl/spike_decoded_address2 output i_soc/i_sne/i_sne/streamer[0].i_evt_streamer/i_evt_streamer_ctrl/spike_decoded_address2/P[47:0] is not pipelined (PREG=0). Pipelining the DSP48 output will improve performance and often saves power so it is suggested whenever possible to fully pipeline this function.  If this DSP48 function was inferred, it is suggested to describe an additional register stage after this function.  If the DSP48 was instantiated in the design, it is suggested to set the PREG attribute to 1.
Related violations: <none>

DPOP-1#11 Warning
PREG Output pipelining  
DSP i_soc/i_sne/i_sne/streamer[1].i_evt_streamer/i_evt_streamer_ctrl/spike_decoded_address1 output i_soc/i_sne/i_sne/streamer[1].i_evt_streamer/i_evt_streamer_ctrl/spike_decoded_address1/P[47:0] is not pipelined (PREG=0). Pipelining the DSP48 output will improve performance and often saves power so it is suggested whenever possible to fully pipeline this function.  If this DSP48 function was inferred, it is suggested to describe an additional register stage after this function.  If the DSP48 was instantiated in the design, it is suggested to set the PREG attribute to 1.
Related violations: <none>

DPOP-1#12 Warning
PREG Output pipelining  
DSP i_soc/i_sne/i_sne/streamer[1].i_evt_streamer/i_evt_streamer_ctrl/spike_decoded_address2 output i_soc/i_sne/i_sne/streamer[1].i_evt_streamer/i_evt_streamer_ctrl/spike_decoded_address2/P[47:0] is not pipelined (PREG=0). Pipelining the DSP48 output will improve performance and often saves power so it is suggested whenever possible to fully pipeline this function.  If this DSP48 function was inferred, it is suggested to describe an additional register stage after this function.  If the DSP48 was instantiated in the design, it is suggested to set the PREG attribute to 1.
Related violations: <none>

DPOP-2#1 Warning
MREG Output pipelining  
DSP i_soc/i_cutie/cutie_i/pipeline[0].weightmemory_controller/weights_save_enable_o4 multiplier stage i_soc/i_cutie/cutie_i/pipeline[0].weightmemory_controller/weights_save_enable_o4/P[47:0] is not pipelined (MREG=0). Pipelining the multiplier function will improve performance and will save significant power so it is suggested whenever possible to fully pipeline this function.  If this multiplier was inferred, it is suggested to describe an additional register stage after this function.  If there is no registered adder/accumulator following the multiply function, two pipeline stages are suggested to allow both the MREG and PREG registers to be used.  If the DSP48 was instantiated in the design, it is suggested to set both the MREG and PREG attributes to 1 when performing multiply functions.
Related violations: <none>

DPOP-2#2 Warning
MREG Output pipelining  
DSP i_soc/i_cutie/cutie_i/pipeline[0].weightmemory_controller/weights_save_enable_o4__0 multiplier stage i_soc/i_cutie/cutie_i/pipeline[0].weightmemory_controller/weights_save_enable_o4__0/P[47:0] is not pipelined (MREG=0). Pipelining the multiplier function will improve performance and will save significant power so it is suggested whenever possible to fully pipeline this function.  If this multiplier was inferred, it is suggested to describe an additional register stage after this function.  If there is no registered adder/accumulator following the multiply function, two pipeline stages are suggested to allow both the MREG and PREG registers to be used.  If the DSP48 was instantiated in the design, it is suggested to set both the MREG and PREG attributes to 1 when performing multiply functions.
Related violations: <none>

DPOP-2#3 Warning
MREG Output pipelining  
DSP i_soc/i_cutie/cutie_i/pipeline[1].weightmemory_controller/weights_save_enable_o4 multiplier stage i_soc/i_cutie/cutie_i/pipeline[1].weightmemory_controller/weights_save_enable_o4/P[47:0] is not pipelined (MREG=0). Pipelining the multiplier function will improve performance and will save significant power so it is suggested whenever possible to fully pipeline this function.  If this multiplier was inferred, it is suggested to describe an additional register stage after this function.  If there is no registered adder/accumulator following the multiply function, two pipeline stages are suggested to allow both the MREG and PREG registers to be used.  If the DSP48 was instantiated in the design, it is suggested to set both the MREG and PREG attributes to 1 when performing multiply functions.
Related violations: <none>

DPOP-2#4 Warning
MREG Output pipelining  
DSP i_soc/i_cutie/cutie_i/pipeline[1].weightmemory_controller/weights_save_enable_o4__0 multiplier stage i_soc/i_cutie/cutie_i/pipeline[1].weightmemory_controller/weights_save_enable_o4__0/P[47:0] is not pipelined (MREG=0). Pipelining the multiplier function will improve performance and will save significant power so it is suggested whenever possible to fully pipeline this function.  If this multiplier was inferred, it is suggested to describe an additional register stage after this function.  If there is no registered adder/accumulator following the multiply function, two pipeline stages are suggested to allow both the MREG and PREG registers to be used.  If the DSP48 was instantiated in the design, it is suggested to set both the MREG and PREG attributes to 1 when performing multiply functions.
Related violations: <none>

DPOP-2#5 Warning
MREG Output pipelining  
DSP i_soc/i_pulp_cluster/gen_cores[0].i_core/ex_stage_i/mult_i/unamedDSP multiplier stage i_soc/i_pulp_cluster/gen_cores[0].i_core/ex_stage_i/mult_i/unamedDSP/P[47:0] is not pipelined (MREG=0). Pipelining the multiplier function will improve performance and will save significant power so it is suggested whenever possible to fully pipeline this function.  If this multiplier was inferred, it is suggested to describe an additional register stage after this function.  If there is no registered adder/accumulator following the multiply function, two pipeline stages are suggested to allow both the MREG and PREG registers to be used.  If the DSP48 was instantiated in the design, it is suggested to set both the MREG and PREG attributes to 1 when performing multiply functions.
Related violations: <none>

DPOP-2#6 Warning
MREG Output pipelining  
DSP i_soc/i_pulp_cluster/gen_cores[0].i_core/ex_stage_i/mult_i/unamedDSP__0 multiplier stage i_soc/i_pulp_cluster/gen_cores[0].i_core/ex_stage_i/mult_i/unamedDSP__0/P[47:0] is not pipelined (MREG=0). Pipelining the multiplier function will improve performance and will save significant power so it is suggested whenever possible to fully pipeline this function.  If this multiplier was inferred, it is suggested to describe an additional register stage after this function.  If there is no registered adder/accumulator following the multiply function, two pipeline stages are suggested to allow both the MREG and PREG registers to be used.  If the DSP48 was instantiated in the design, it is suggested to set both the MREG and PREG attributes to 1 when performing multiply functions.
Related violations: <none>

DPOP-2#7 Warning
MREG Output pipelining  
DSP i_soc/i_pulp_cluster/gen_cores[0].i_core/ex_stage_i/mult_i/unamedDSP__1 multiplier stage i_soc/i_pulp_cluster/gen_cores[0].i_core/ex_stage_i/mult_i/unamedDSP__1/P[47:0] is not pipelined (MREG=0). Pipelining the multiplier function will improve performance and will save significant power so it is suggested whenever possible to fully pipeline this function.  If this multiplier was inferred, it is suggested to describe an additional register stage after this function.  If there is no registered adder/accumulator following the multiply function, two pipeline stages are suggested to allow both the MREG and PREG registers to be used.  If the DSP48 was instantiated in the design, it is suggested to set both the MREG and PREG attributes to 1 when performing multiply functions.
Related violations: <none>

DPOP-2#8 Warning
MREG Output pipelining  
DSP i_soc/i_sne/i_sne/streamer[0].i_evt_streamer/i_evt_streamer_ctrl/spike_decoded_address1 multiplier stage i_soc/i_sne/i_sne/streamer[0].i_evt_streamer/i_evt_streamer_ctrl/spike_decoded_address1/P[47:0] is not pipelined (MREG=0). Pipelining the multiplier function will improve performance and will save significant power so it is suggested whenever possible to fully pipeline this function.  If this multiplier was inferred, it is suggested to describe an additional register stage after this function.  If there is no registered adder/accumulator following the multiply function, two pipeline stages are suggested to allow both the MREG and PREG registers to be used.  If the DSP48 was instantiated in the design, it is suggested to set both the MREG and PREG attributes to 1 when performing multiply functions.
Related violations: <none>

DPOP-2#9 Warning
MREG Output pipelining  
DSP i_soc/i_sne/i_sne/streamer[1].i_evt_streamer/i_evt_streamer_ctrl/spike_decoded_address1 multiplier stage i_soc/i_sne/i_sne/streamer[1].i_evt_streamer/i_evt_streamer_ctrl/spike_decoded_address1/P[47:0] is not pipelined (MREG=0). Pipelining the multiplier function will improve performance and will save significant power so it is suggested whenever possible to fully pipeline this function.  If this multiplier was inferred, it is suggested to describe an additional register stage after this function.  If there is no registered adder/accumulator following the multiply function, two pipeline stages are suggested to allow both the MREG and PREG registers to be used.  If the DSP48 was instantiated in the design, it is suggested to set both the MREG and PREG attributes to 1 when performing multiply functions.
Related violations: <none>

PLBUFGOPT-1#1 Warning
Non-Optimal connections to BUFG  
A non-muxed BUFG clk_i_IBUF_BUFG_inst is driven by another global buffer clk_i_IBUF_BUFG_inst_replica. Remove non-muxed BUFG if it is not desired
Related violations: <none>

PLBUFGOPT-1#2 Warning
Non-Optimal connections to BUFG  
A non-muxed BUFG clk_i_IBUF_BUFG_inst_replica is driven by another global buffer clk_i_IBUF_BUFG_inst_replica_1. Remove non-muxed BUFG if it is not desired
Related violations: <none>

REQP-1839#1 Warning
RAMB36 async control check  
The RAMB36E1 i_soc/i_l2_mem/ram_reg_0_0_0 has an input control pin i_soc/i_l2_mem/ram_reg_0_0_0/ADDRARDADDR[15] (net: i_soc/i_l2_mem/core_data_addr_o[0][15]) which is driven by a register (i_soc/i_pulp_cluster/gen_cores[0].i_core/id_stage_i/alu_operand_a_ex_o_reg[0]) that has an active asychronous set or reset. This may cause corruption of the memory contents and/or read values when the set/reset is asserted and is not analyzed by the default static timing analysis. It is suggested to eliminate the use of a set/reset to registers driving this RAMB pin or else use a synchronous reset in which the assertion of the reset is timed by default.
Related violations: <none>

REQP-1839#2 Warning
RAMB36 async control check  
The RAMB36E1 i_soc/i_l2_mem/ram_reg_0_0_0 has an input control pin i_soc/i_l2_mem/ram_reg_0_0_0/ADDRARDADDR[15] (net: i_soc/i_l2_mem/core_data_addr_o[0][15]) which is driven by a register (i_soc/i_pulp_cluster/gen_cores[0].i_core/id_stage_i/alu_operand_a_ex_o_reg[10]) that has an active asychronous set or reset. This may cause corruption of the memory contents and/or read values when the set/reset is asserted and is not analyzed by the default static timing analysis. It is suggested to eliminate the use of a set/reset to registers driving this RAMB pin or else use a synchronous reset in which the assertion of the reset is timed by default.
Related violations: <none>

REQP-1839#3 Warning
RAMB36 async control check  
The RAMB36E1 i_soc/i_l2_mem/ram_reg_0_0_0 has an input control pin i_soc/i_l2_mem/ram_reg_0_0_0/ADDRARDADDR[15] (net: i_soc/i_l2_mem/core_data_addr_o[0][15]) which is driven by a register (i_soc/i_pulp_cluster/gen_cores[0].i_core/id_stage_i/alu_operand_a_ex_o_reg[11]) that has an active asychronous set or reset. This may cause corruption of the memory contents and/or read values when the set/reset is asserted and is not analyzed by the default static timing analysis. It is suggested to eliminate the use of a set/reset to registers driving this RAMB pin or else use a synchronous reset in which the assertion of the reset is timed by default.
Related violations: <none>

REQP-1839#4 Warning
RAMB36 async control check  
The RAMB36E1 i_soc/i_l2_mem/ram_reg_0_0_0 has an input control pin i_soc/i_l2_mem/ram_reg_0_0_0/ADDRARDADDR[15] (net: i_soc/i_l2_mem/core_data_addr_o[0][15]) which is driven by a register (i_soc/i_pulp_cluster/gen_cores[0].i_core/id_stage_i/alu_operand_a_ex_o_reg[12]) that has an active asychronous set or reset. This may cause corruption of the memory contents and/or read values when the set/reset is asserted and is not analyzed by the default static timing analysis. It is suggested to eliminate the use of a set/reset to registers driving this RAMB pin or else use a synchronous reset in which the assertion of the reset is timed by default.
Related violations: <none>

REQP-1839#5 Warning
RAMB36 async control check  
The RAMB36E1 i_soc/i_l2_mem/ram_reg_0_0_0 has an input control pin i_soc/i_l2_mem/ram_reg_0_0_0/ADDRARDADDR[15] (net: i_soc/i_l2_mem/core_data_addr_o[0][15]) which is driven by a register (i_soc/i_pulp_cluster/gen_cores[0].i_core/id_stage_i/alu_operand_a_ex_o_reg[13]) that has an active asychronous set or reset. This may cause corruption of the memory contents and/or read values when the set/reset is asserted and is not analyzed by the default static timing analysis. It is suggested to eliminate the use of a set/reset to registers driving this RAMB pin or else use a synchronous reset in which the assertion of the reset is timed by default.
Related violations: <none>

REQP-1839#6 Warning
RAMB36 async control check  
The RAMB36E1 i_soc/i_l2_mem/ram_reg_0_0_0 has an input control pin i_soc/i_l2_mem/ram_reg_0_0_0/ADDRARDADDR[15] (net: i_soc/i_l2_mem/core_data_addr_o[0][15]) which is driven by a register (i_soc/i_pulp_cluster/gen_cores[0].i_core/id_stage_i/alu_operand_a_ex_o_reg[14]) that has an active asychronous set or reset. This may cause corruption of the memory contents and/or read values when the set/reset is asserted and is not analyzed by the default static timing analysis. It is suggested to eliminate the use of a set/reset to registers driving this RAMB pin or else use a synchronous reset in which the assertion of the reset is timed by default.
Related violations: <none>

REQP-1839#7 Warning
RAMB36 async control check  
The RAMB36E1 i_soc/i_l2_mem/ram_reg_0_0_0 has an input control pin i_soc/i_l2_mem/ram_reg_0_0_0/ADDRARDADDR[15] (net: i_soc/i_l2_mem/core_data_addr_o[0][15]) which is driven by a register (i_soc/i_pulp_cluster/gen_cores[0].i_core/id_stage_i/alu_operand_a_ex_o_reg[15]) that has an active asychronous set or reset. This may cause corruption of the memory contents and/or read values when the set/reset is asserted and is not analyzed by the default static timing analysis. It is suggested to eliminate the use of a set/reset to registers driving this RAMB pin or else use a synchronous reset in which the assertion of the reset is timed by default.
Related violations: <none>

REQP-1839#8 Warning
RAMB36 async control check  
The RAMB36E1 i_soc/i_l2_mem/ram_reg_0_0_0 has an input control pin i_soc/i_l2_mem/ram_reg_0_0_0/ADDRARDADDR[15] (net: i_soc/i_l2_mem/core_data_addr_o[0][15]) which is driven by a register (i_soc/i_pulp_cluster/gen_cores[0].i_core/id_stage_i/alu_operand_a_ex_o_reg[17]) that has an active asychronous set or reset. This may cause corruption of the memory contents and/or read values when the set/reset is asserted and is not analyzed by the default static timing analysis. It is suggested to eliminate the use of a set/reset to registers driving this RAMB pin or else use a synchronous reset in which the assertion of the reset is timed by default.
Related violations: <none>

REQP-1839#9 Warning
RAMB36 async control check  
The RAMB36E1 i_soc/i_l2_mem/ram_reg_0_0_0 has an input control pin i_soc/i_l2_mem/ram_reg_0_0_0/ADDRARDADDR[15] (net: i_soc/i_l2_mem/core_data_addr_o[0][15]) which is driven by a register (i_soc/i_pulp_cluster/gen_cores[0].i_core/id_stage_i/alu_operand_a_ex_o_reg[18]) that has an active asychronous set or reset. This may cause corruption of the memory contents and/or read values when the set/reset is asserted and is not analyzed by the default static timing analysis. It is suggested to eliminate the use of a set/reset to registers driving this RAMB pin or else use a synchronous reset in which the assertion of the reset is timed by default.
Related violations: <none>

REQP-1839#10 Warning
RAMB36 async control check  
The RAMB36E1 i_soc/i_l2_mem/ram_reg_0_0_0 has an input control pin i_soc/i_l2_mem/ram_reg_0_0_0/ADDRARDADDR[15] (net: i_soc/i_l2_mem/core_data_addr_o[0][15]) which is driven by a register (i_soc/i_pulp_cluster/gen_cores[0].i_core/id_stage_i/alu_operand_a_ex_o_reg[19]) that has an active asychronous set or reset. This may cause corruption of the memory contents and/or read values when the set/reset is asserted and is not analyzed by the default static timing analysis. It is suggested to eliminate the use of a set/reset to registers driving this RAMB pin or else use a synchronous reset in which the assertion of the reset is timed by default.
Related violations: <none>

REQP-1839#11 Warning
RAMB36 async control check  
The RAMB36E1 i_soc/i_l2_mem/ram_reg_0_0_0 has an input control pin i_soc/i_l2_mem/ram_reg_0_0_0/ADDRARDADDR[15] (net: i_soc/i_l2_mem/core_data_addr_o[0][15]) which is driven by a register (i_soc/i_pulp_cluster/gen_cores[0].i_core/id_stage_i/alu_operand_a_ex_o_reg[1]) that has an active asychronous set or reset. This may cause corruption of the memory contents and/or read values when the set/reset is asserted and is not analyzed by the default static timing analysis. It is suggested to eliminate the use of a set/reset to registers driving this RAMB pin or else use a synchronous reset in which the assertion of the reset is timed by default.
Related violations: <none>

REQP-1839#12 Warning
RAMB36 async control check  
The RAMB36E1 i_soc/i_l2_mem/ram_reg_0_0_0 has an input control pin i_soc/i_l2_mem/ram_reg_0_0_0/ADDRARDADDR[15] (net: i_soc/i_l2_mem/core_data_addr_o[0][15]) which is driven by a register (i_soc/i_pulp_cluster/gen_cores[0].i_core/id_stage_i/alu_operand_a_ex_o_reg[3]) that has an active asychronous set or reset. This may cause corruption of the memory contents and/or read values when the set/reset is asserted and is not analyzed by the default static timing analysis. It is suggested to eliminate the use of a set/reset to registers driving this RAMB pin or else use a synchronous reset in which the assertion of the reset is timed by default.
Related violations: <none>

REQP-1839#13 Warning
RAMB36 async control check  
The RAMB36E1 i_soc/i_l2_mem/ram_reg_0_0_0 has an input control pin i_soc/i_l2_mem/ram_reg_0_0_0/ADDRARDADDR[15] (net: i_soc/i_l2_mem/core_data_addr_o[0][15]) which is driven by a register (i_soc/i_pulp_cluster/gen_cores[0].i_core/id_stage_i/alu_operand_a_ex_o_reg[4]) that has an active asychronous set or reset. This may cause corruption of the memory contents and/or read values when the set/reset is asserted and is not analyzed by the default static timing analysis. It is suggested to eliminate the use of a set/reset to registers driving this RAMB pin or else use a synchronous reset in which the assertion of the reset is timed by default.
Related violations: <none>

REQP-1839#14 Warning
RAMB36 async control check  
The RAMB36E1 i_soc/i_l2_mem/ram_reg_0_0_0 has an input control pin i_soc/i_l2_mem/ram_reg_0_0_0/ADDRARDADDR[15] (net: i_soc/i_l2_mem/core_data_addr_o[0][15]) which is driven by a register (i_soc/i_pulp_cluster/gen_cores[0].i_core/id_stage_i/alu_operand_a_ex_o_reg[5]) that has an active asychronous set or reset. This may cause corruption of the memory contents and/or read values when the set/reset is asserted and is not analyzed by the default static timing analysis. It is suggested to eliminate the use of a set/reset to registers driving this RAMB pin or else use a synchronous reset in which the assertion of the reset is timed by default.
Related violations: <none>

REQP-1839#15 Warning
RAMB36 async control check  
The RAMB36E1 i_soc/i_l2_mem/ram_reg_0_0_0 has an input control pin i_soc/i_l2_mem/ram_reg_0_0_0/ADDRARDADDR[15] (net: i_soc/i_l2_mem/core_data_addr_o[0][15]) which is driven by a register (i_soc/i_pulp_cluster/gen_cores[0].i_core/id_stage_i/alu_operand_a_ex_o_reg[6]) that has an active asychronous set or reset. This may cause corruption of the memory contents and/or read values when the set/reset is asserted and is not analyzed by the default static timing analysis. It is suggested to eliminate the use of a set/reset to registers driving this RAMB pin or else use a synchronous reset in which the assertion of the reset is timed by default.
Related violations: <none>

REQP-1839#16 Warning
RAMB36 async control check  
The RAMB36E1 i_soc/i_l2_mem/ram_reg_0_0_0 has an input control pin i_soc/i_l2_mem/ram_reg_0_0_0/ADDRARDADDR[15] (net: i_soc/i_l2_mem/core_data_addr_o[0][15]) which is driven by a register (i_soc/i_pulp_cluster/gen_cores[0].i_core/id_stage_i/alu_operand_a_ex_o_reg[7]) that has an active asychronous set or reset. This may cause corruption of the memory contents and/or read values when the set/reset is asserted and is not analyzed by the default static timing analysis. It is suggested to eliminate the use of a set/reset to registers driving this RAMB pin or else use a synchronous reset in which the assertion of the reset is timed by default.
Related violations: <none>

REQP-1839#17 Warning
RAMB36 async control check  
The RAMB36E1 i_soc/i_l2_mem/ram_reg_0_0_0 has an input control pin i_soc/i_l2_mem/ram_reg_0_0_0/ADDRARDADDR[15] (net: i_soc/i_l2_mem/core_data_addr_o[0][15]) which is driven by a register (i_soc/i_pulp_cluster/gen_cores[0].i_core/id_stage_i/alu_operand_a_ex_o_reg[8]) that has an active asychronous set or reset. This may cause corruption of the memory contents and/or read values when the set/reset is asserted and is not analyzed by the default static timing analysis. It is suggested to eliminate the use of a set/reset to registers driving this RAMB pin or else use a synchronous reset in which the assertion of the reset is timed by default.
Related violations: <none>

REQP-1839#18 Warning
RAMB36 async control check  
The RAMB36E1 i_soc/i_l2_mem/ram_reg_0_0_0 has an input control pin i_soc/i_l2_mem/ram_reg_0_0_0/ADDRARDADDR[15] (net: i_soc/i_l2_mem/core_data_addr_o[0][15]) which is driven by a register (i_soc/i_pulp_cluster/gen_cores[0].i_core/id_stage_i/alu_operand_a_ex_o_reg[9]) that has an active asychronous set or reset. This may cause corruption of the memory contents and/or read values when the set/reset is asserted and is not analyzed by the default static timing analysis. It is suggested to eliminate the use of a set/reset to registers driving this RAMB pin or else use a synchronous reset in which the assertion of the reset is timed by default.
Related violations: <none>

REQP-1839#19 Warning
RAMB36 async control check  
The RAMB36E1 i_soc/i_l2_mem/ram_reg_0_0_0 has an input control pin i_soc/i_l2_mem/ram_reg_0_0_0/ADDRARDADDR[15] (net: i_soc/i_l2_mem/core_data_addr_o[0][15]) which is driven by a register (i_soc/i_pulp_cluster/gen_cores[0].i_core/id_stage_i/alu_operand_b_ex_o_reg[0]) that has an active asychronous set or reset. This may cause corruption of the memory contents and/or read values when the set/reset is asserted and is not analyzed by the default static timing analysis. It is suggested to eliminate the use of a set/reset to registers driving this RAMB pin or else use a synchronous reset in which the assertion of the reset is timed by default.
Related violations: <none>

REQP-1839#20 Warning
RAMB36 async control check  
The RAMB36E1 i_soc/i_l2_mem/ram_reg_0_0_0 has an input control pin i_soc/i_l2_mem/ram_reg_0_0_0/ADDRARDADDR[15] (net: i_soc/i_l2_mem/core_data_addr_o[0][15]) which is driven by a register (i_soc/i_pulp_cluster/gen_cores[0].i_core/id_stage_i/alu_operand_b_ex_o_reg[18]) that has an active asychronous set or reset. This may cause corruption of the memory contents and/or read values when the set/reset is asserted and is not analyzed by the default static timing analysis. It is suggested to eliminate the use of a set/reset to registers driving this RAMB pin or else use a synchronous reset in which the assertion of the reset is timed by default.
Related violations: <none>

REQP-1840#1 Warning
RAMB18 async control check  
The RAMB18E1 i_soc/i_cutie/cutie_i/actmem/actmem/genblk1[0].mem/genblk1[0].mem/ram_bank/ram_reg has an input control pin i_soc/i_cutie/cutie_i/actmem/actmem/genblk1[0].mem/genblk1[0].mem/ram_bank/ram_reg/ADDRARDADDR[9] (net: i_soc/i_cutie/cutie_i/actmem/actmem/genblk1[0].mem/genblk1[0].mem/ram_bank/ram_reg_20[5]) which is driven by a register (i_soc/i_cutie/cutie_i/actmem2lb_controller/bank_depth_q_reg[0]_rep__0) that has an active asychronous set or reset. This may cause corruption of the memory contents and/or read values when the set/reset is asserted and is not analyzed by the default static timing analysis. It is suggested to eliminate the use of a set/reset to registers driving this RAMB pin or else use a synchronous reset in which the assertion of the reset is timed by default.
Related violations: <none>

REQP-1840#2 Warning
RAMB18 async control check  
The RAMB18E1 i_soc/i_cutie/cutie_i/actmem/actmem/genblk1[0].mem/genblk1[0].mem/ram_bank/ram_reg has an input control pin i_soc/i_cutie/cutie_i/actmem/actmem/genblk1[0].mem/genblk1[0].mem/ram_bank/ram_reg/ADDRARDADDR[9] (net: i_soc/i_cutie/cutie_i/actmem/actmem/genblk1[0].mem/genblk1[0].mem/ram_bank/ram_reg_20[5]) which is driven by a register (i_soc/i_cutie/cutie_i/actmem2lb_controller/bank_depth_q_reg[1]) that has an active asychronous set or reset. This may cause corruption of the memory contents and/or read values when the set/reset is asserted and is not analyzed by the default static timing analysis. It is suggested to eliminate the use of a set/reset to registers driving this RAMB pin or else use a synchronous reset in which the assertion of the reset is timed by default.
Related violations: <none>

REQP-1840#3 Warning
RAMB18 async control check  
The RAMB18E1 i_soc/i_cutie/cutie_i/actmem/actmem/genblk1[0].mem/genblk1[0].mem/ram_bank/ram_reg has an input control pin i_soc/i_cutie/cutie_i/actmem/actmem/genblk1[0].mem/genblk1[0].mem/ram_bank/ram_reg/ADDRARDADDR[9] (net: i_soc/i_cutie/cutie_i/actmem/actmem/genblk1[0].mem/genblk1[0].mem/ram_bank/ram_reg_20[5]) which is driven by a register (i_soc/i_cutie/cutie_i/actmem2lb_controller/bank_depth_q_reg[2]) that has an active asychronous set or reset. This may cause corruption of the memory contents and/or read values when the set/reset is asserted and is not analyzed by the default static timing analysis. It is suggested to eliminate the use of a set/reset to registers driving this RAMB pin or else use a synchronous reset in which the assertion of the reset is timed by default.
Related violations: <none>

REQP-1840#4 Warning
RAMB18 async control check  
The RAMB18E1 i_soc/i_cutie/cutie_i/actmem/actmem/genblk1[0].mem/genblk1[0].mem/ram_bank/ram_reg has an input control pin i_soc/i_cutie/cutie_i/actmem/actmem/genblk1[0].mem/genblk1[0].mem/ram_bank/ram_reg/ADDRARDADDR[9] (net: i_soc/i_cutie/cutie_i/actmem/actmem/genblk1[0].mem/genblk1[0].mem/ram_bank/ram_reg_20[5]) which is driven by a register (i_soc/i_cutie/cutie_i/actmem2lb_controller/bank_depth_q_reg[3]) that has an active asychronous set or reset. This may cause corruption of the memory contents and/or read values when the set/reset is asserted and is not analyzed by the default static timing analysis. It is suggested to eliminate the use of a set/reset to registers driving this RAMB pin or else use a synchronous reset in which the assertion of the reset is timed by default.
Related violations: <none>

REQP-1840#5 Warning
RAMB18 async control check  
The RAMB18E1 i_soc/i_cutie/cutie_i/actmem/actmem/genblk1[0].mem/genblk1[0].mem/ram_bank/ram_reg has an input control pin i_soc/i_cutie/cutie_i/actmem/actmem/genblk1[0].mem/genblk1[0].mem/ram_bank/ram_reg/ADDRARDADDR[9] (net: i_soc/i_cutie/cutie_i/actmem/actmem/genblk1[0].mem/genblk1[0].mem/ram_bank/ram_reg_20[5]) which is driven by a register (i_soc/i_cutie/cutie_i/actmem2lb_controller/bank_depth_q_reg[4]) that has an active asychronous set or reset. This may cause corruption of the memory contents and/or read values when the set/reset is asserted and is not analyzed by the default static timing analysis. It is suggested to eliminate the use of a set/reset to registers driving this RAMB pin or else use a synchronous reset in which the assertion of the reset is timed by default.
Related violations: <none>

REQP-1840#6 Warning
RAMB18 async control check  
The RAMB18E1 i_soc/i_cutie/cutie_i/actmem/actmem/genblk1[0].mem/genblk1[0].mem/ram_bank/ram_reg has an input control pin i_soc/i_cutie/cutie_i/actmem/actmem/genblk1[0].mem/genblk1[0].mem/ram_bank/ram_reg/ADDRARDADDR[9] (net: i_soc/i_cutie/cutie_i/actmem/actmem/genblk1[0].mem/genblk1[0].mem/ram_bank/ram_reg_20[5]) which is driven by a register (i_soc/i_cutie/cutie_i/actmem2lb_controller/bank_depth_q_reg[5]) that has an active asychronous set or reset. This may cause corruption of the memory contents and/or read values when the set/reset is asserted and is not analyzed by the default static timing analysis. It is suggested to eliminate the use of a set/reset to registers driving this RAMB pin or else use a synchronous reset in which the assertion of the reset is timed by default.
Related violations: <none>

REQP-1840#7 Warning
RAMB18 async control check  
The RAMB18E1 i_soc/i_cutie/cutie_i/actmem/actmem/genblk1[0].mem/genblk1[0].mem/ram_bank/ram_reg has an input control pin i_soc/i_cutie/cutie_i/actmem/actmem/genblk1[0].mem/genblk1[0].mem/ram_bank/ram_reg/ADDRARDADDR[9] (net: i_soc/i_cutie/cutie_i/actmem/actmem/genblk1[0].mem/genblk1[0].mem/ram_bank/ram_reg_20[5]) which is driven by a register (i_soc/i_cutie/cutie_i/actmem2lb_controller/bank_index_q_reg[0]) that has an active asychronous set or reset. This may cause corruption of the memory contents and/or read values when the set/reset is asserted and is not analyzed by the default static timing analysis. It is suggested to eliminate the use of a set/reset to registers driving this RAMB pin or else use a synchronous reset in which the assertion of the reset is timed by default.
Related violations: <none>

REQP-1840#8 Warning
RAMB18 async control check  
The RAMB18E1 i_soc/i_cutie/cutie_i/actmem/actmem/genblk1[0].mem/genblk1[0].mem/ram_bank/ram_reg has an input control pin i_soc/i_cutie/cutie_i/actmem/actmem/genblk1[0].mem/genblk1[0].mem/ram_bank/ram_reg/ADDRARDADDR[9] (net: i_soc/i_cutie/cutie_i/actmem/actmem/genblk1[0].mem/genblk1[0].mem/ram_bank/ram_reg_20[5]) which is driven by a register (i_soc/i_cutie/cutie_i/actmem2lb_controller/bank_index_q_reg[0]_rep) that has an active asychronous set or reset. This may cause corruption of the memory contents and/or read values when the set/reset is asserted and is not analyzed by the default static timing analysis. It is suggested to eliminate the use of a set/reset to registers driving this RAMB pin or else use a synchronous reset in which the assertion of the reset is timed by default.
Related violations: <none>

REQP-1840#9 Warning
RAMB18 async control check  
The RAMB18E1 i_soc/i_cutie/cutie_i/actmem/actmem/genblk1[0].mem/genblk1[0].mem/ram_bank/ram_reg has an input control pin i_soc/i_cutie/cutie_i/actmem/actmem/genblk1[0].mem/genblk1[0].mem/ram_bank/ram_reg/ADDRARDADDR[9] (net: i_soc/i_cutie/cutie_i/actmem/actmem/genblk1[0].mem/genblk1[0].mem/ram_bank/ram_reg_20[5]) which is driven by a register (i_soc/i_cutie/cutie_i/actmem2lb_controller/bank_index_q_reg[0]_rep__0) that has an active asychronous set or reset. This may cause corruption of the memory contents and/or read values when the set/reset is asserted and is not analyzed by the default static timing analysis. It is suggested to eliminate the use of a set/reset to registers driving this RAMB pin or else use a synchronous reset in which the assertion of the reset is timed by default.
Related violations: <none>

REQP-1840#10 Warning
RAMB18 async control check  
The RAMB18E1 i_soc/i_cutie/cutie_i/actmem/actmem/genblk1[0].mem/genblk1[0].mem/ram_bank/ram_reg has an input control pin i_soc/i_cutie/cutie_i/actmem/actmem/genblk1[0].mem/genblk1[0].mem/ram_bank/ram_reg/ADDRARDADDR[9] (net: i_soc/i_cutie/cutie_i/actmem/actmem/genblk1[0].mem/genblk1[0].mem/ram_bank/ram_reg_20[5]) which is driven by a register (i_soc/i_cutie/cutie_i/actmem2lb_controller/bank_index_q_reg[0]_rep__2) that has an active asychronous set or reset. This may cause corruption of the memory contents and/or read values when the set/reset is asserted and is not analyzed by the default static timing analysis. It is suggested to eliminate the use of a set/reset to registers driving this RAMB pin or else use a synchronous reset in which the assertion of the reset is timed by default.
Related violations: <none>

REQP-1840#11 Warning
RAMB18 async control check  
The RAMB18E1 i_soc/i_cutie/cutie_i/actmem/actmem/genblk1[0].mem/genblk1[0].mem/ram_bank/ram_reg has an input control pin i_soc/i_cutie/cutie_i/actmem/actmem/genblk1[0].mem/genblk1[0].mem/ram_bank/ram_reg/ADDRARDADDR[9] (net: i_soc/i_cutie/cutie_i/actmem/actmem/genblk1[0].mem/genblk1[0].mem/ram_bank/ram_reg_20[5]) which is driven by a register (i_soc/i_cutie/cutie_i/actmem2lb_controller/bank_index_q_reg[2]_rep) that has an active asychronous set or reset. This may cause corruption of the memory contents and/or read values when the set/reset is asserted and is not analyzed by the default static timing analysis. It is suggested to eliminate the use of a set/reset to registers driving this RAMB pin or else use a synchronous reset in which the assertion of the reset is timed by default.
Related violations: <none>

REQP-1840#12 Warning
RAMB18 async control check  
The RAMB18E1 i_soc/i_cutie/cutie_i/actmem/actmem/genblk1[0].mem/genblk1[0].mem/ram_bank/ram_reg has an input control pin i_soc/i_cutie/cutie_i/actmem/actmem/genblk1[0].mem/genblk1[0].mem/ram_bank/ram_reg/ADDRARDADDR[9] (net: i_soc/i_cutie/cutie_i/actmem/actmem/genblk1[0].mem/genblk1[0].mem/ram_bank/ram_reg_20[5]) which is driven by a register (i_soc/i_cutie/cutie_i/actmem2lb_controller/bank_index_q_reg[3]) that has an active asychronous set or reset. This may cause corruption of the memory contents and/or read values when the set/reset is asserted and is not analyzed by the default static timing analysis. It is suggested to eliminate the use of a set/reset to registers driving this RAMB pin or else use a synchronous reset in which the assertion of the reset is timed by default.
Related violations: <none>

REQP-1840#13 Warning
RAMB18 async control check  
The RAMB18E1 i_soc/i_cutie/cutie_i/actmem/actmem/genblk1[0].mem/genblk1[0].mem/ram_bank/ram_reg has an input control pin i_soc/i_cutie/cutie_i/actmem/actmem/genblk1[0].mem/genblk1[0].mem/ram_bank/ram_reg/ADDRARDADDR[9] (net: i_soc/i_cutie/cutie_i/actmem/actmem/genblk1[0].mem/genblk1[0].mem/ram_bank/ram_reg_20[5]) which is driven by a register (i_soc/i_cutie/cutie_i/actmem2lb_controller/pixelwidth_q_reg[0]) that has an active asychronous set or reset. This may cause corruption of the memory contents and/or read values when the set/reset is asserted and is not analyzed by the default static timing analysis. It is suggested to eliminate the use of a set/reset to registers driving this RAMB pin or else use a synchronous reset in which the assertion of the reset is timed by default.
Related violations: <none>

REQP-1840#14 Warning
RAMB18 async control check  
The RAMB18E1 i_soc/i_cutie/cutie_i/actmem/actmem/genblk1[0].mem/genblk1[0].mem/ram_bank/ram_reg has an input control pin i_soc/i_cutie/cutie_i/actmem/actmem/genblk1[0].mem/genblk1[0].mem/ram_bank/ram_reg/ADDRARDADDR[9] (net: i_soc/i_cutie/cutie_i/actmem/actmem/genblk1[0].mem/genblk1[0].mem/ram_bank/ram_reg_20[5]) which is driven by a register (i_soc/i_cutie/cutie_i/actmem_write_ctrl/addresscounter_q_reg[5]) that has an active asychronous set or reset. This may cause corruption of the memory contents and/or read values when the set/reset is asserted and is not analyzed by the default static timing analysis. It is suggested to eliminate the use of a set/reset to registers driving this RAMB pin or else use a synchronous reset in which the assertion of the reset is timed by default.
Related violations: <none>

REQP-1840#15 Warning
RAMB18 async control check  
The RAMB18E1 i_soc/i_cutie/cutie_i/actmem/actmem/genblk1[0].mem/genblk1[0].mem/ram_bank/ram_reg has an input control pin i_soc/i_cutie/cutie_i/actmem/actmem/genblk1[0].mem/genblk1[0].mem/ram_bank/ram_reg/ADDRARDADDR[9] (net: i_soc/i_cutie/cutie_i/actmem/actmem/genblk1[0].mem/genblk1[0].mem/ram_bank/ram_reg_20[5]) which is driven by a register (i_soc/i_cutie/cutie_i/actmem_write_ctrl/bankcounter_q_reg[0]) that has an active asychronous set or reset. This may cause corruption of the memory contents and/or read values when the set/reset is asserted and is not analyzed by the default static timing analysis. It is suggested to eliminate the use of a set/reset to registers driving this RAMB pin or else use a synchronous reset in which the assertion of the reset is timed by default.
Related violations: <none>

REQP-1840#16 Warning
RAMB18 async control check  
The RAMB18E1 i_soc/i_cutie/cutie_i/actmem/actmem/genblk1[0].mem/genblk1[0].mem/ram_bank/ram_reg has an input control pin i_soc/i_cutie/cutie_i/actmem/actmem/genblk1[0].mem/genblk1[0].mem/ram_bank/ram_reg/ADDRARDADDR[9] (net: i_soc/i_cutie/cutie_i/actmem/actmem/genblk1[0].mem/genblk1[0].mem/ram_bank/ram_reg_20[5]) which is driven by a register (i_soc/i_cutie/cutie_i/actmem_write_ctrl/bankcounter_q_reg[1]) that has an active asychronous set or reset. This may cause corruption of the memory contents and/or read values when the set/reset is asserted and is not analyzed by the default static timing analysis. It is suggested to eliminate the use of a set/reset to registers driving this RAMB pin or else use a synchronous reset in which the assertion of the reset is timed by default.
Related violations: <none>

REQP-1840#17 Warning
RAMB18 async control check  
The RAMB18E1 i_soc/i_cutie/cutie_i/actmem/actmem/genblk1[0].mem/genblk1[0].mem/ram_bank/ram_reg has an input control pin i_soc/i_cutie/cutie_i/actmem/actmem/genblk1[0].mem/genblk1[0].mem/ram_bank/ram_reg/ADDRARDADDR[9] (net: i_soc/i_cutie/cutie_i/actmem/actmem/genblk1[0].mem/genblk1[0].mem/ram_bank/ram_reg_20[5]) which is driven by a register (i_soc/i_cutie/cutie_i/actmem_write_ctrl/bankcounter_q_reg[2]) that has an active asychronous set or reset. This may cause corruption of the memory contents and/or read values when the set/reset is asserted and is not analyzed by the default static timing analysis. It is suggested to eliminate the use of a set/reset to registers driving this RAMB pin or else use a synchronous reset in which the assertion of the reset is timed by default.
Related violations: <none>

REQP-1840#18 Warning
RAMB18 async control check  
The RAMB18E1 i_soc/i_cutie/cutie_i/actmem/actmem/genblk1[0].mem/genblk1[0].mem/ram_bank/ram_reg has an input control pin i_soc/i_cutie/cutie_i/actmem/actmem/genblk1[0].mem/genblk1[0].mem/ram_bank/ram_reg/ADDRARDADDR[9] (net: i_soc/i_cutie/cutie_i/actmem/actmem/genblk1[0].mem/genblk1[0].mem/ram_bank/ram_reg_20[5]) which is driven by a register (i_soc/i_cutie/cutie_i/actmem_write_ctrl/bankcounter_q_reg[3]) that has an active asychronous set or reset. This may cause corruption of the memory contents and/or read values when the set/reset is asserted and is not analyzed by the default static timing analysis. It is suggested to eliminate the use of a set/reset to registers driving this RAMB pin or else use a synchronous reset in which the assertion of the reset is timed by default.
Related violations: <none>

REQP-1840#19 Warning
RAMB18 async control check  
The RAMB18E1 i_soc/i_cutie/cutie_i/actmem/actmem/genblk1[0].mem/genblk1[0].mem/ram_bank/ram_reg has an input control pin i_soc/i_cutie/cutie_i/actmem/actmem/genblk1[0].mem/genblk1[0].mem/ram_bank/ram_reg/ADDRARDADDR[9] (net: i_soc/i_cutie/cutie_i/actmem/actmem/genblk1[0].mem/genblk1[0].mem/ram_bank/ram_reg_20[5]) which is driven by a register (i_soc/i_cutie/cutie_i/actmem_write_ctrl/layer_no_q_reg[3]) that has an active asychronous set or reset. This may cause corruption of the memory contents and/or read values when the set/reset is asserted and is not analyzed by the default static timing analysis. It is suggested to eliminate the use of a set/reset to registers driving this RAMB pin or else use a synchronous reset in which the assertion of the reset is timed by default.
Related violations: <none>

REQP-1840#20 Warning
RAMB18 async control check  
The RAMB18E1 i_soc/i_cutie/cutie_i/actmem/actmem/genblk1[0].mem/genblk1[0].mem/ram_bank/ram_reg has an input control pin i_soc/i_cutie/cutie_i/actmem/actmem/genblk1[0].mem/genblk1[0].mem/ram_bank/ram_reg/ADDRARDADDR[9] (net: i_soc/i_cutie/cutie_i/actmem/actmem/genblk1[0].mem/genblk1[0].mem/ram_bank/ram_reg_20[5]) which is driven by a register (i_soc/i_cutie/cutie_i/actmem_write_ctrl/layer_no_q_reg[4]) that has an active asychronous set or reset. This may cause corruption of the memory contents and/or read values when the set/reset is asserted and is not analyzed by the default static timing analysis. It is suggested to eliminate the use of a set/reset to registers driving this RAMB pin or else use a synchronous reset in which the assertion of the reset is timed by default.
Related violations: <none>


