Copyright 1986-2022 Xilinx, Inc. All Rights Reserved.
------------------------------------------------------------------------------------
| Tool Version : Vivado v.2022.2 (win64) Build 3671981 Fri Oct 14 05:00:03 MDT 2022
| Date         : Fri Apr  3 19:01:18 2026
| Host         : kiran-kumar-siripurapu running 64-bit major release  (build 9200)
| Command      : report_timing_summary -file synth_timing.rpt
| Design       : kraken_soc_func_fpga
| Device       : 7a200t-sbg484
| Speed File   : -1  PRODUCTION 1.23 2018-06-13
------------------------------------------------------------------------------------

Timing Summary Report

------------------------------------------------------------------------------------------------
| Timer Settings
| --------------
------------------------------------------------------------------------------------------------

  Enable Multi Corner Analysis               :  Yes
  Enable Pessimism Removal                   :  Yes
  Pessimism Removal Resolution               :  Nearest Common Node
  Enable Input Delay Default Clock           :  No
  Enable Preset / Clear Arcs                 :  No
  Disable Flight Delays                      :  No
  Ignore I/O Paths                           :  No
  Timing Early Launch at Borrowing Latches   :  No
  Borrow Time for Max Delay Exceptions       :  Yes
  Merge Timing Exceptions                    :  Yes

  Corner  Analyze    Analyze    
  Name    Max Paths  Min Paths  
  ------  ---------  ---------  
  Slow    Yes        Yes        
  Fast    Yes        Yes        


------------------------------------------------------------------------------------------------
| Report Methodology
| ------------------
------------------------------------------------------------------------------------------------

No report available as report_methodology has not been run prior. Run report_methodology on the current design for the summary of methodology violations.



check_timing report

Table of Contents
-----------------
1. checking no_clock (26)
2. checking constant_clock (0)
3. checking pulse_width_clock (0)
4. checking unconstrained_internal_endpoints (20)
5. checking no_input_delay (1)
6. checking no_output_delay (0)
7. checking multiple_clock (0)
8. checking generated_clocks (0)
9. checking loops (0)
10. checking partial_input_delay (0)
11. checking partial_output_delay (0)
12. checking latch_loops (0)

1. checking no_clock (26)
-------------------------
 There are 6 register/latch pins with no clock driven by root clock pin: i_soc/i_sne/i_sne/evt_engine[0].i_evt_engine/i_memory_sequencer/i_evt_memory_subsystem/evt_kernel_memory/mode_q_reg[0]/Q (HIGH)

 There are 6 register/latch pins with no clock driven by root clock pin: i_soc/i_sne/i_sne/evt_engine[0].i_evt_engine/i_memory_sequencer/i_evt_memory_subsystem/evt_kernel_memory/mode_q_reg[1]/Q (HIGH)

 There is 1 register/latch pin with no clock driven by root clock pin: i_soc/i_sne/i_sne/evt_engine[0].i_evt_engine/i_memory_sequencer/i_evt_memory_subsystem/evt_kernel_memory/wr_en_q_reg/Q (HIGH)

 There are 6 register/latch pins with no clock driven by root clock pin: i_soc/i_sne/i_sne/evt_engine[1].i_evt_engine/i_memory_sequencer/i_evt_memory_subsystem/evt_kernel_memory/mode_q_reg[0]/Q (HIGH)

 There are 6 register/latch pins with no clock driven by root clock pin: i_soc/i_sne/i_sne/evt_engine[1].i_evt_engine/i_memory_sequencer/i_evt_memory_subsystem/evt_kernel_memory/mode_q_reg[1]/Q (HIGH)

 There is 1 register/latch pin with no clock driven by root clock pin: i_soc/i_sne/i_sne/evt_engine[1].i_evt_engine/i_memory_sequencer/i_evt_memory_subsystem/evt_kernel_memory/wr_en_q_reg/Q (HIGH)


2. checking constant_clock (0)
------------------------------
 There are 0 register/latch pins with constant_clock.


3. checking pulse_width_clock (0)
---------------------------------
 There are 0 register/latch pins which need pulse_width check


4. checking unconstrained_internal_endpoints (20)
-------------------------------------------------
 There are 20 pins that are not constrained for maximum delay. (HIGH)

 There are 0 pins that are not constrained for maximum delay due to constant clock.


5. checking no_input_delay (1)
------------------------------
 There are 0 input ports with no input delay specified.

 There is 1 input port with no input delay but user has a false path constraint. (MEDIUM)


6. checking no_output_delay (0)
-------------------------------
 There are 0 ports with no output delay specified.

 There are 0 ports with no output delay but user has a false path constraint

 There are 0 ports with no output delay but with a timing clock defined on it or propagating through it


7. checking multiple_clock (0)
------------------------------
 There are 0 register/latch pins with multiple clocks.


8. checking generated_clocks (0)
--------------------------------
 There are 0 generated clocks that are not connected to a clock source.


9. checking loops (0)
---------------------
 There are 0 combinational loops in the design.


10. checking partial_input_delay (0)
------------------------------------
 There are 0 input ports with partial input delay specified.


11. checking partial_output_delay (0)
-------------------------------------
 There are 0 ports with partial output delay specified.


12. checking latch_loops (0)
----------------------------
 There are 0 combinational latch loops in the design through latch input



------------------------------------------------------------------------------------------------
| Design Timing Summary
| ---------------------
------------------------------------------------------------------------------------------------

    WNS(ns)      TNS(ns)  TNS Failing Endpoints  TNS Total Endpoints      WHS(ns)      THS(ns)  THS Failing Endpoints  THS Total Endpoints     WPWS(ns)     TPWS(ns)  TPWS Failing Endpoints  TPWS Total Endpoints  
    -------      -------  ---------------------  -------------------      -------      -------  ---------------------  -------------------     --------     --------  ----------------------  --------------------  
    -18.249   -62933.898                  26976               206893        0.011        0.000                      0               206893        8.750        0.000                       0                 63617  


Timing constraints are not met.


------------------------------------------------------------------------------------------------
| Clock Summary
| -------------
------------------------------------------------------------------------------------------------

Clock        Waveform(ns)       Period(ns)      Frequency(MHz)
-----        ------------       ----------      --------------
sys_clk_pin  {0.000 10.000}     20.000          50.000          


------------------------------------------------------------------------------------------------
| Intra Clock Table
| -----------------
------------------------------------------------------------------------------------------------

Clock             WNS(ns)      TNS(ns)  TNS Failing Endpoints  TNS Total Endpoints      WHS(ns)      THS(ns)  THS Failing Endpoints  THS Total Endpoints     WPWS(ns)     TPWS(ns)  TPWS Failing Endpoints  TPWS Total Endpoints  
-----             -------      -------  ---------------------  -------------------      -------      -------  ---------------------  -------------------     --------     --------  ----------------------  --------------------  
sys_clk_pin       -18.249   -62933.898                  26976               149671        0.011        0.000                      0               149671        8.750        0.000                       0                 63617  


------------------------------------------------------------------------------------------------
| Inter Clock Table
| -----------------
------------------------------------------------------------------------------------------------

From Clock    To Clock          WNS(ns)      TNS(ns)  TNS Failing Endpoints  TNS Total Endpoints      WHS(ns)      THS(ns)  THS Failing Endpoints  THS Total Endpoints  
----------    --------          -------      -------  ---------------------  -------------------      -------      -------  ---------------------  -------------------  


------------------------------------------------------------------------------------------------
| Other Path Groups Table
| -----------------------
------------------------------------------------------------------------------------------------

Path Group         From Clock         To Clock               WNS(ns)      TNS(ns)  TNS Failing Endpoints  TNS Total Endpoints      WHS(ns)      THS(ns)  THS Failing Endpoints  THS Total Endpoints  
----------         ----------         --------               -------      -------  ---------------------  -------------------      -------      -------  ---------------------  -------------------  
**async_default**  sys_clk_pin        sys_clk_pin             17.361        0.000                      0                57222        0.736        0.000                      0                57222  


------------------------------------------------------------------------------------------------
| Timing Details
| --------------
------------------------------------------------------------------------------------------------


---------------------------------------------------------------------------------------------------
From Clock:  sys_clk_pin
  To Clock:  sys_clk_pin

Setup :        26976  Failing Endpoints,  Worst Slack      -18.249ns,  Total Violation   -62933.897ns
Hold  :            0  Failing Endpoints,  Worst Slack        0.011ns,  Total Violation        0.000ns
PW    :            0  Failing Endpoints,  Worst Slack        8.750ns,  Total Violation        0.000ns
---------------------------------------------------------------------------------------------------


Max Delay Paths
--------------------------------------------------------------------------------------
Slack (VIOLATED) :        -18.249ns  (required time - arrival time)
  Source:                 i_soc/i_sne/i_sne/evt_engine[0].i_evt_engine/i_evt_engine_router/i_evt_time_insert/curr_time_q_reg[4]/C
                            (rising edge-triggered cell FDCE clocked by sys_clk_pin  {rise@0.000ns fall@10.000ns period=20.000ns})
  Destination:            i_soc/i_sne/i_sne/evt_engine[0].i_evt_engine/i_memory_sequencer/i_evt_memory_subsystem/i_status_memory/state_mem[0].i_state_sram_e/i_sram/ram_reg/DIBDI[13]
                            (rising edge-triggered cell RAMB18E1 clocked by sys_clk_pin  {rise@0.000ns fall@10.000ns period=20.000ns})
  Path Group:             sys_clk_pin
  Path Type:              Setup (Max at Slow Process Corner)
  Requirement:            20.000ns  (sys_clk_pin rise@20.000ns - sys_clk_pin rise@0.000ns)
  Data Path Delay:        37.332ns  (logic 13.949ns (37.365%)  route 23.383ns (62.635%))
  Logic Levels:           53  (CARRY4=25 LUT2=4 LUT3=1 LUT4=6 LUT5=6 LUT6=11)
  Clock Path Skew:        -0.145ns (DCD - SCD + CPR)
    Destination Clock Delay (DCD):    2.077ns = ( 22.077 - 20.000 ) 
    Source Clock Delay      (SCD):    2.400ns
    Clock Pessimism Removal (CPR):    0.178ns
  Clock Uncertainty:      0.035ns  ((TSJ^2 + TIJ^2)^1/2 + DJ) / 2 + PE
    Total System Jitter     (TSJ):    0.071ns
    Total Input Jitter      (TIJ):    0.000ns
    Discrete Jitter          (DJ):    0.000ns
    Phase Error              (PE):    0.000ns

    Location             Delay type                Incr(ns)  Path(ns)    Netlist Resource(s)
  -------------------------------------------------------------------    -------------------
                         (clock sys_clk_pin rise edge)
                                                      0.000     0.000 r  
                                                      0.000     0.000 r  clk_i (IN)
                         net (fo=0)                   0.000     0.000    clk_i
                         IBUF (Prop_ibuf_I_O)         0.920     0.920 r  clk_i_IBUF_inst/O
                         net (fo=1, unplaced)         0.800     1.720    clk_i_IBUF
                         BUFG (Prop_bufg_I_O)         0.096     1.816 r  clk_i_IBUF_BUFG_inst/O
                         net (fo=63616, unplaced)     0.584     2.400    i_soc/i_sne/i_sne/evt_engine[0].i_evt_engine/i_evt_engine_router/i_evt_time_insert/clk_i_IBUF_BUFG
                         FDCE                                         r  i_soc/i_sne/i_sne/evt_engine[0].i_evt_engine/i_evt_engine_router/i_evt_time_insert/curr_time_q_reg[4]/C
  -------------------------------------------------------------------    -------------------
                         FDCE (Prop_fdce_C_Q)         0.456     2.856 r  i_soc/i_sne/i_sne/evt_engine[0].i_evt_engine/i_evt_engine_router/i_evt_time_insert/curr_time_q_reg[4]/Q
                         net (fo=4, unplaced)         1.007     3.863    i_soc/i_sne/i_sne/evt_engine[0].i_evt_engine/i_evt_time_insert/curr_time_q_reg[4]
                         CARRY4 (Prop_carry4_S[3]_CO[3])
                                                      0.697     4.560 r  i_soc/i_sne/i_sne/evt_engine[0].i_evt_engine/i__carry_i_10/CO[3]
                         net (fo=1, unplaced)         0.009     4.569    i_soc/i_sne/i_sne/evt_engine[0].i_evt_engine/i__carry_i_10_n_0
                         CARRY4 (Prop_carry4_CI_CO[3])
                                                      0.114     4.683 r  i_soc/i_sne/i_sne/evt_engine[0].i_evt_engine/i__carry_i_9/CO[3]
                         net (fo=1, unplaced)         0.000     4.683    i_soc/i_sne/i_sne/evt_engine[0].i_evt_engine/i__carry_i_9_n_0
                         CARRY4 (Prop_carry4_CI_CO[3])
                                                      0.114     4.797 r  i_soc/i_sne/i_sne/evt_engine[0].i_evt_engine/i__carry__0_i_10/CO[3]
                         net (fo=1, unplaced)         0.000     4.797    i_soc/i_sne/i_sne/evt_engine[0].i_evt_engine/i__carry__0_i_10_n_0
                         CARRY4 (Prop_carry4_CI_CO[3])
                                                      0.114     4.911 r  i_soc/i_sne/i_sne/evt_engine[0].i_evt_engine/i__carry__0_i_9/CO[3]
                         net (fo=1, unplaced)         0.000     4.911    i_soc/i_sne/i_sne/evt_engine[0].i_evt_engine/i__carry__0_i_9_n_0
                         CARRY4 (Prop_carry4_CI_CO[3])
                                                      0.114     5.025 r  i_soc/i_sne/i_sne/evt_engine[0].i_evt_engine/i__carry__1_i_10/CO[3]
                         net (fo=1, unplaced)         0.000     5.025    i_soc/i_sne/i_sne/evt_engine[0].i_evt_engine/i__carry__1_i_10_n_0
                         CARRY4 (Prop_carry4_CI_CO[3])
                                                      0.114     5.139 r  i_soc/i_sne/i_sne/evt_engine[0].i_evt_engine/i__carry__1_i_9/CO[3]
                         net (fo=1, unplaced)         0.000     5.139    i_soc/i_sne/i_sne/evt_engine[0].i_evt_engine/i__carry__1_i_9_n_0
                         CARRY4 (Prop_carry4_CI_O[2])
                                                      0.256     5.395 f  i_soc/i_sne/i_sne/evt_engine[0].i_evt_engine/i__carry__2_i_9/O[2]
                         net (fo=4, unplaced)         0.446     5.841    i_soc/i_sne/i_sne/evt_engine[0].i_evt_engine/i_evt_global_router/i_evt_cdc_decode_que/i_cdc_fifo_gray/i_dst/i_spill_register/spill_register_flushable_i/time_not_contiguous1_inferred__0/i__carry__2_0[2]
                         LUT6 (Prop_lut6_I0_O)        0.301     6.142 r  i_soc/i_sne/i_sne/evt_engine[0].i_evt_engine/i_evt_global_router/i_evt_cdc_decode_que/i_cdc_fifo_gray/i_dst/i_spill_register/spill_register_flushable_i/i__carry__2_i_3/O
                         net (fo=1, unplaced)         0.639     6.781    i_soc/i_sne/i_sne/evt_engine[0].i_evt_engine/i_evt_engine_router/i_evt_time_insert/next_time_q_reg[0]_0[1]
                         CARRY4 (Prop_carry4_DI[1]_CO[3])
                                                      0.507     7.288 f  i_soc/i_sne/i_sne/evt_engine[0].i_evt_engine/i_evt_engine_router/i_evt_time_insert/time_not_contiguous1_inferred__0/i__carry__2/CO[3]
                         net (fo=3, unplaced)         0.936     8.224    i_soc/i_sne/i_sne/evt_engine[0].i_evt_engine/i_evt_global_router/i_evt_cdc_decode_que/i_cdc_fifo_gray/i_dst/i_spill_register/spill_register_flushable_i/next_time_q_reg[0][0]
                         LUT6 (Prop_lut6_I0_O)        0.124     8.348 r  i_soc/i_sne/i_sne/evt_engine[0].i_evt_engine/i_evt_global_router/i_evt_cdc_decode_que/i_cdc_fifo_gray/i_dst/i_spill_register/spill_register_flushable_i/i___91_i_5/O
                         net (fo=31, unplaced)        0.519     8.867    i_soc/i_sne/i_sne/evt_engine[0].i_evt_engine/i_evt_global_router/i_evt_cdc_decode_que/i_cdc_fifo_gray/i_dst/i_spill_register/spill_register_flushable_i/q_reg[0]_1
                         LUT5 (Prop_lut5_I0_O)        0.124     8.991 r  i_soc/i_sne/i_sne/evt_engine[0].i_evt_engine/i_evt_global_router/i_evt_cdc_decode_que/i_cdc_fifo_gray/i_dst/i_spill_register/spill_register_flushable_i/i___370_i_4/O
                         net (fo=13, unplaced)        0.499     9.490    i_soc/i_sne/i_sne/evt_engine[0].i_evt_engine/i_evt_engine_router/i_evt_spike_filter/i_evt_engine_router/i_evt_spike_filter/i___92_i_6_2
                         LUT4 (Prop_lut4_I2_O)        0.124     9.614 r  i_soc/i_sne/i_sne/evt_engine[0].i_evt_engine/i_evt_engine_router/i_evt_spike_filter/i___382/O
                         net (fo=1, unplaced)         0.000     9.614    i_soc_n_370
                         CARRY4 (Prop_carry4_S[1]_CO[3])
                                                      0.550    10.164 r  i_evt_engine_router/i_evt_spike_filter/i___92_i_6/CO[3]
                         net (fo=1, unplaced)         0.009    10.173    i_soc/i_sne/i_sne/i_evt_reggen/i_evt_reggen_engine_cdc/i_engine_clock_reg_top/u_cfg_slice_i_0_group_id_low_y_0/PS[0]_i_4[0]
                         CARRY4 (Prop_carry4_CI_CO[3])
                                                      0.114    10.287 r  i_soc/i_sne/i_sne/i_evt_reggen/i_evt_reggen_engine_cdc/i_engine_clock_reg_top/u_cfg_slice_i_0_group_id_low_y_0/i_evt_engine_router/i_evt_spike_filter/i___92_i_2/CO[3]
                         net (fo=2, unplaced)         1.119    11.406    i_soc/i_sne/i_sne/i_evt_reggen/i_evt_reggen_engine_cdc/i_engine_clock_reg_top/u_cfg_slice_i_0_group_id_low_y_0/q_reg[3]_9[0]
                         LUT4 (Prop_lut4_I0_O)        0.124    11.530 r  i_soc/i_sne/i_sne/i_evt_reggen/i_evt_reggen_engine_cdc/i_engine_clock_reg_top/u_cfg_slice_i_0_group_id_low_y_0/i___92_i_1__15/O
                         net (fo=114, unplaced)       0.552    12.082    i_soc/i_sne/i_sne/evt_engine[0].i_evt_engine/i_evt_engine_router/spike_in_receptive
                         LUT6 (Prop_lut6_I2_O)        0.124    12.206 r  i_soc/i_sne/i_sne/evt_engine[0].i_evt_engine/i_evt_engine_router/i___268_0_i_1/O
                         net (fo=76, unplaced)        0.512    12.718    i_soc/i_sne/i_sne/evt_engine[0].i_evt_engine/i_evt_engine_router/q_reg[0]_9
                         LUT4 (Prop_lut4_I0_O)        0.150    12.868 r  i_soc/i_sne/i_sne/evt_engine[0].i_evt_engine/i_evt_engine_router/i___72_i_89/O
                         net (fo=1, unplaced)         0.000    12.868    i_soc/i_sne/i_sne/evt_engine[0].i_evt_engine/i_evt_engine_router/i___72_i_89_n_0
                         CARRY4 (Prop_carry4_DI[0]_CO[3])
                                                      0.553    13.421 r  i_soc/i_sne/i_sne/evt_engine[0].i_evt_engine/i_evt_engine_router/i___72_i_52/CO[3]
                         net (fo=1, unplaced)         0.009    13.430    i_soc/i_sne/i_sne/i_evt_reggen/i_evt_reggen_engine_cdc/i_engine_clock_reg_top/u_cfg_filter_lbound_i_0_yid_0/i___72_i_2[0]
                         CARRY4 (Prop_carry4_CI_CO[3])
                                                      0.114    13.544 f  i_soc/i_sne/i_sne/i_evt_reggen/i_evt_reggen_engine_cdc/i_engine_clock_reg_top/u_cfg_filter_lbound_i_0_yid_0/i___72_i_12/CO[3]
                         net (fo=2, unplaced)         1.119    14.663    i_soc/i_sne/i_sne/i_evt_reggen/i_evt_reggen_engine_cdc/i_engine_clock_reg_top/u_cfg_filter_lbound_i_0_yid_0/CO[0]
                         LUT4 (Prop_lut4_I0_O)        0.124    14.787 f  i_soc/i_sne/i_sne/i_evt_reggen/i_evt_reggen_engine_cdc/i_engine_clock_reg_top/u_cfg_filter_lbound_i_0_yid_0/i___73_i_2/O
                         net (fo=4, unplaced)         0.473    15.260    i_soc/i_sne/i_sne/evt_engine[0].i_evt_engine/i_evt_global_router/i_evt_cdc_decode_que/i_cdc_fifo_gray/i_dst/i_spill_register/spill_register_flushable_i/in_cropped_region_s
                         LUT5 (Prop_lut5_I2_O)        0.124    15.384 r  i_soc/i_sne/i_sne/evt_engine[0].i_evt_engine/i_evt_global_router/i_evt_cdc_decode_que/i_cdc_fifo_gray/i_dst/i_spill_register/spill_register_flushable_i/i___78_i_12__15/O
                         net (fo=7, unplaced)         0.937    16.321    i_soc/i_sne/i_sne/evt_engine[0].i_evt_engine/i_evt_global_router/i_evt_cdc_decode_que/i_cdc_fifo_gray/i_dst/i_spill_register/spill_register_flushable_i/i___78_i_12__15_n_0
                         LUT6 (Prop_lut6_I3_O)        0.124    16.445 r  i_soc/i_sne/i_sne/evt_engine[0].i_evt_engine/i_evt_global_router/i_evt_cdc_decode_que/i_cdc_fifo_gray/i_dst/i_spill_register/spill_register_flushable_i/i___78_i_6__15/O
                         net (fo=2, unplaced)         0.913    17.358    i_soc/i_sne/i_sne/evt_engine[0].i_evt_engine/i_evt_global_router/i_evt_cdc_decode_que/i_cdc_fifo_gray/i_dst/i_spill_register/spill_register_flushable_i/i___78_i_6__15_n_0
                         LUT6 (Prop_lut6_I1_O)        0.124    17.482 r  i_soc/i_sne/i_sne/evt_engine[0].i_evt_engine/i_evt_global_router/i_evt_cdc_decode_que/i_cdc_fifo_gray/i_dst/i_spill_register/spill_register_flushable_i/i___78_i_1/O
                         net (fo=3, unplaced)         0.920    18.402    i_soc/i_sne/i_sne/evt_engine[0].i_evt_engine/i_evt_global_router_n_117
                         LUT6 (Prop_lut6_I0_O)        0.124    18.526 f  i_soc/i_sne/i_sne/evt_engine[0].i_evt_engine/i___78/O
                         net (fo=6, unplaced)         1.143    19.669    i_soc/i_sne/i_sne/i_evt_reggen/i_evt_reggen_engine_cdc/i_engine_clock_reg_top/u_cfg_parameter_i_tscale/i___258_0_i_1_0
                         LUT6 (Prop_lut6_I2_O)        0.124    19.793 r  i_soc/i_sne/i_sne/i_evt_reggen/i_evt_reggen_engine_cdc/i_engine_clock_reg_top/u_cfg_parameter_i_tscale/i___258_0_i_2/O
                         net (fo=1, unplaced)         0.902    20.695    i_soc/i_sne/i_sne/i_evt_reggen/i_evt_reggen_engine_cdc/i_engine_clock_reg_top/u_cfg_parameter_i_tscale/i___258_0_i_2_n_0
                         LUT6 (Prop_lut6_I0_O)        0.124    20.819 r  i_soc/i_sne/i_sne/i_evt_reggen/i_evt_reggen_engine_cdc/i_engine_clock_reg_top/u_cfg_parameter_i_tscale/i___258_0_i_1/O
                         net (fo=10, unplaced)        0.492    21.311    i_soc/i_sne/i_sne/evt_engine[0].i_evt_engine/post_leak_voltage_s2__65_carry_i_3
                         LUT4 (Prop_lut4_I0_O)        0.124    21.435 r  i_soc/i_sne/i_sne/evt_engine[0].i_evt_engine/i___258_0/O
                         net (fo=3, unplaced)         0.467    21.902    i_soc/i_sne/i_sne/evt_engine[0].i_evt_engine/i_memory_sequencer/i_evt_memory_subsystem/i_status_memory/state_mem[0].i_state_sram_e/i_sram/post_leak_voltage_s2__65_carry
                         LUT5 (Prop_lut5_I0_O)        0.124    22.026 r  i_soc/i_sne/i_sne/evt_engine[0].i_evt_engine/i_memory_sequencer/i_evt_memory_subsystem/i_status_memory/state_mem[0].i_state_sram_e/i_sram/post_leak_voltage_s2__65_carry_i_3/O
                         net (fo=1, unplaced)         0.639    22.665    i_soc/i_sne/i_sne/evt_engine[0].i_evt_engine/i_evt_dp_group/group[0].i_lif_neuron/i_alif_neuron/post_leak_voltage_s2__88_carry__0_i_4_2[0]
                         CARRY4 (Prop_carry4_DI[1]_O[2])
                                                      0.554    23.219 r  i_soc/i_sne/i_sne/evt_engine[0].i_evt_engine/i_evt_dp_group/group[0].i_lif_neuron/i_alif_neuron/post_leak_voltage_s2__65_carry/O[2]
                         net (fo=2, unplaced)         0.916    24.135    i_soc/i_sne/i_sne/evt_engine[0].i_evt_engine/i_evt_dp_group/group[0].i_lif_neuron/i_alif_neuron/post_leak_voltage_s2__65_carry_n_5
                         LUT3 (Prop_lut3_I0_O)        0.301    24.436 r  i_soc/i_sne/i_sne/evt_engine[0].i_evt_engine/i_evt_dp_group/group[0].i_lif_neuron/i_alif_neuron/post_leak_voltage_s2__88_carry__0_i_2/O
                         net (fo=2, unplaced)         0.460    24.896    i_soc/i_sne/i_sne/evt_engine[0].i_evt_engine/i_evt_dp_group/group[0].i_lif_neuron/i_alif_neuron/post_leak_voltage_s2__88_carry__0_i_2_n_0
                         LUT4 (Prop_lut4_I3_O)        0.124    25.020 r  i_soc/i_sne/i_sne/evt_engine[0].i_evt_engine/i_evt_dp_group/group[0].i_lif_neuron/i_alif_neuron/post_leak_voltage_s2__88_carry__0_i_6/O
                         net (fo=1, unplaced)         0.000    25.020    i_soc/i_sne/i_sne/evt_engine[0].i_evt_engine/i_evt_dp_group/group[0].i_lif_neuron/i_alif_neuron/post_leak_voltage_s2__88_carry__0_i_6_n_0
                         CARRY4 (Prop_carry4_S[2]_CO[3])
                                                      0.398    25.418 r  i_soc/i_sne/i_sne/evt_engine[0].i_evt_engine/i_evt_dp_group/group[0].i_lif_neuron/i_alif_neuron/post_leak_voltage_s2__88_carry__0/CO[3]
                         net (fo=1, unplaced)         0.000    25.418    i_soc/i_sne/i_sne/evt_engine[0].i_evt_engine/i_evt_dp_group/group[0].i_lif_neuron/i_alif_neuron/post_leak_voltage_s2__88_carry__0_n_0
                         CARRY4 (Prop_carry4_CI_O[1])
                                                      0.348    25.766 r  i_soc/i_sne/i_sne/evt_engine[0].i_evt_engine/i_evt_dp_group/group[0].i_lif_neuron/i_alif_neuron/post_leak_voltage_s2__88_carry__1/O[1]
                         net (fo=7, unplaced)         0.646    26.412    i_soc/i_sne/i_sne/evt_engine[0].i_evt_engine/i_evt_dp_group/group[0].i_lif_neuron/i_alif_neuron/post_leak_voltage_s2__88_carry__1_i_8[1]
                         LUT2 (Prop_lut2_I0_O)        0.335    26.747 r  i_soc/i_sne/i_sne/evt_engine[0].i_evt_engine/i_evt_dp_group/group[0].i_lif_neuron/i_alif_neuron/i__carry__0_i_2__0/O
                         net (fo=1, unplaced)         0.000    26.747    i_soc/i_sne/i_sne/evt_engine[0].i_evt_engine/i_evt_dp_group/group[0].i_lif_neuron/i_alif_neuron/i__carry__0_i_2__0_n_0
                         CARRY4 (Prop_carry4_DI[2]_CO[3])
                                                      0.427    27.174 r  i_soc/i_sne/i_sne/evt_engine[0].i_evt_engine/i_evt_dp_group/group[0].i_lif_neuron/i_alif_neuron/post_leak_voltage_s1_inferred__1/i__carry__0/CO[3]
                         net (fo=1, unplaced)         0.000    27.174    i_soc/i_sne/i_sne/evt_engine[0].i_evt_engine/i_evt_dp_group/group[0].i_lif_neuron/i_alif_neuron/post_leak_voltage_s1_inferred__1/i__carry__0_n_0
                         CARRY4 (Prop_carry4_CI_CO[0])
                                                      0.293    27.467 r  i_soc/i_sne/i_sne/evt_engine[0].i_evt_engine/i_evt_dp_group/group[0].i_lif_neuron/i_alif_neuron/post_leak_voltage_s1_inferred__1/i__carry__1/CO[0]
                         net (fo=8, unplaced)         0.349    27.816    i_soc/i_sne/i_sne/evt_engine[0].i_evt_engine/i_evt_dp_group/group[0].i_lif_neuron/i_alif_neuron/post_leak_voltage_s1_inferred__1/i__carry__1_n_3
                         LUT5 (Prop_lut5_I1_O)        0.367    28.183 r  i_soc/i_sne/i_sne/evt_engine[0].i_evt_engine/i_evt_dp_group/group[0].i_lif_neuron/i_alif_neuron/sat_mem_voltage_s2_carry_i_10/O
                         net (fo=1, unplaced)         0.449    28.632    i_soc/i_sne/i_sne/evt_engine[0].i_evt_engine/i_memory_sequencer/i_evt_memory_subsystem/i_status_memory/state_mem[0].i_state_sram_o/i_sram/sat_mem_voltage_s2_carry_0
                         LUT5 (Prop_lut5_I4_O)        0.124    28.756 r  i_soc/i_sne/i_sne/evt_engine[0].i_evt_engine/i_memory_sequencer/i_evt_memory_subsystem/i_status_memory/state_mem[0].i_state_sram_o/i_sram/sat_mem_voltage_s2_carry_i_3/O
                         net (fo=2, unplaced)         0.650    29.406    i_soc/i_sne/i_sne/evt_engine[0].i_evt_engine/i_evt_dp_group/group[0].i_lif_neuron/i_alif_neuron/i___173[1]
                         CARRY4 (Prop_carry4_DI[1]_CO[3])
                                                      0.507    29.913 r  i_soc/i_sne/i_sne/evt_engine[0].i_evt_engine/i_evt_dp_group/group[0].i_lif_neuron/i_alif_neuron/sat_mem_voltage_s2_carry/CO[3]
                         net (fo=1, unplaced)         0.009    29.922    i_soc/i_sne/i_sne/evt_engine[0].i_evt_engine/i_evt_dp_group/group[0].i_lif_neuron/i_alif_neuron/sat_mem_voltage_s2_carry_n_0
                         CARRY4 (Prop_carry4_CI_O[1])
                                                      0.348    30.270 f  i_soc/i_sne/i_sne/evt_engine[0].i_evt_engine/i_evt_dp_group/group[0].i_lif_neuron/i_alif_neuron/sat_mem_voltage_s2_carry__0/O[1]
                         net (fo=8, unplaced)         0.649    30.919    i_soc/i_sne/i_sne/evt_engine[0].i_evt_engine/i_evt_dp_group/group[0].i_lif_neuron/i_alif_neuron/ram_reg_4[1]
                         LUT2 (Prop_lut2_I0_O)        0.306    31.225 r  i_soc/i_sne/i_sne/evt_engine[0].i_evt_engine/i_evt_dp_group/group[0].i_lif_neuron/i_alif_neuron/i___165_i_7/O
                         net (fo=1, unplaced)         0.000    31.225    i_soc/i_sne/i_sne/evt_engine[0].i_evt_engine/i_evt_dp_group/group[0].i_lif_neuron/i_alif_neuron/i___165_i_7_n_0
                         CARRY4 (Prop_carry4_S[3]_CO[3])
                                                      0.401    31.626 r  i_soc/i_sne/i_sne/evt_engine[0].i_evt_engine/i_evt_dp_group/group[0].i_lif_neuron/i_alif_neuron/i___165_i_4/CO[3]
                         net (fo=1, unplaced)         0.009    31.635    i_soc/i_sne/i_sne/evt_engine[0].i_evt_engine/i_evt_dp_group/group[0].i_lif_neuron/i_alif_neuron/i___165_i_4_n_0
                         CARRY4 (Prop_carry4_CI_CO[0])
                                                      0.293    31.928 r  i_soc/i_sne/i_sne/evt_engine[0].i_evt_engine/i_evt_dp_group/group[0].i_lif_neuron/i_alif_neuron/i___165_i_2/CO[0]
                         net (fo=24, unplaced)        0.534    32.462    i_soc/i_sne/i_sne/evt_engine[0].i_evt_engine/i_evt_dp_group_n_331
                         LUT5 (Prop_lut5_I0_O)        0.367    32.829 r  i_soc/i_sne/i_sne/evt_engine[0].i_evt_engine/i___349/O
                         net (fo=1, unplaced)         0.000    32.829    i_soc/i_sne/i_sne/evt_engine[0].i_evt_engine/i_evt_dp_group/group[0].i_lif_neuron/i_alif_neuron//i___3_carry__0_0[1]
                         CARRY4 (Prop_carry4_S[1]_CO[3])
                                                      0.550    33.379 r  i_soc/i_sne/i_sne/evt_engine[0].i_evt_engine/i_evt_dp_group/group[0].i_lif_neuron/i_alif_neuron//i___3_carry/CO[3]
                         net (fo=1, unplaced)         0.009    33.388    i_soc/i_sne/i_sne/evt_engine[0].i_evt_engine/i_evt_dp_group/group[0].i_lif_neuron/i_alif_neuron//i___3_carry_n_0
                         CARRY4 (Prop_carry4_CI_CO[3])
                                                      0.114    33.502 f  i_soc/i_sne/i_sne/evt_engine[0].i_evt_engine/i_evt_dp_group/group[0].i_lif_neuron/i_alif_neuron//i___3_carry__0/CO[3]
                         net (fo=1, unplaced)         0.918    34.420    i_soc/i_sne/i_sne/evt_engine[0].i_evt_engine/i_memory_sequencer/i_evt_memory_subsystem/i_status_memory/state_mem[0].i_state_sram_e/i_sram/ram_reg_i_52__7_0[0]
                         LUT2 (Prop_lut2_I1_O)        0.124    34.544 r  i_soc/i_sne/i_sne/evt_engine[0].i_evt_engine/i_memory_sequencer/i_evt_memory_subsystem/i_status_memory/state_mem[0].i_state_sram_e/i_sram/ram_reg_i_64__10/O
                         net (fo=1, unplaced)         0.449    34.993    i_soc/i_sne/i_sne/evt_engine[0].i_evt_engine/i_evt_global_router/i_evt_cdc_decode_que/i_cdc_fifo_gray/i_dst/i_spill_register/spill_register_flushable_i/ram_reg_5
                         LUT6 (Prop_lut6_I0_O)        0.124    35.117 r  i_soc/i_sne/i_sne/evt_engine[0].i_evt_engine/i_evt_global_router/i_evt_cdc_decode_que/i_cdc_fifo_gray/i_dst/i_spill_register/spill_register_flushable_i/ram_reg_i_52__7/O
                         net (fo=5, unplaced)         0.477    35.594    i_soc/i_sne/i_sne/evt_engine[0].i_evt_engine/i_evt_global_router/i_evt_cdc_decode_que/i_cdc_fifo_gray/i_dst/i_spill_register/spill_register_flushable_i/q_reg[0]_22
                         LUT2 (Prop_lut2_I0_O)        0.124    35.718 r  i_soc/i_sne/i_sne/evt_engine[0].i_evt_engine/i_evt_global_router/i_evt_cdc_decode_que/i_cdc_fifo_gray/i_dst/i_spill_register/spill_register_flushable_i/mem_voltage_ns0_carry_i_1/O
                         net (fo=18, unplaced)        0.506    36.224    i_soc/i_sne/i_sne/evt_engine[0].i_evt_engine/spike_o[0]
                         LUT6 (Prop_lut6_I5_O)        0.124    36.348 r  i_soc/i_sne/i_sne/evt_engine[0].i_evt_engine/i___346/O
                         net (fo=1, unplaced)         0.665    37.013    i_soc/i_sne/i_sne/evt_engine[0].i_evt_engine/i_evt_dp_group/group[0].i_lif_neuron/i_alif_neuron/ram_reg_14[0]
                         CARRY4 (Prop_carry4_S[0]_CO[3])
                                                      0.656    37.669 r  i_soc/i_sne/i_sne/evt_engine[0].i_evt_engine/i_evt_dp_group/group[0].i_lif_neuron/i_alif_neuron/mem_voltage_ns0_carry/CO[3]
                         net (fo=1, unplaced)         0.009    37.678    i_soc/i_sne/i_sne/evt_engine[0].i_evt_engine/i_evt_dp_group/group[0].i_lif_neuron/i_alif_neuron/mem_voltage_ns0_carry_n_0
                         CARRY4 (Prop_carry4_CI_O[3])
                                                      0.329    38.007 r  i_soc/i_sne/i_sne/evt_engine[0].i_evt_engine/i_evt_dp_group/group[0].i_lif_neuron/i_alif_neuron/mem_voltage_ns0_carry__0/O[3]
                         net (fo=1, unplaced)         0.618    38.625    i_soc/i_sne/i_sne/evt_engine[0].i_evt_engine/i_memory_sequencer/i_evt_memory_subsystem/i_status_memory/state_mem[0].i_state_sram_o/i_sram/mem_voltage_ns[7]
                         LUT6 (Prop_lut6_I5_O)        0.307    38.932 r  i_soc/i_sne/i_sne/evt_engine[0].i_evt_engine/i_memory_sequencer/i_evt_memory_subsystem/i_status_memory/state_mem[0].i_state_sram_o/i_sram/ram_reg_i_17__41/O
                         net (fo=2, unplaced)         0.800    39.732    i_soc/i_sne/i_sne/evt_engine[0].i_evt_engine/i_memory_sequencer/i_evt_memory_subsystem/i_status_memory/state_mem[0].i_state_sram_e/i_sram/group_states_o[0]_139[15]
                         RAMB18E1                                     r  i_soc/i_sne/i_sne/evt_engine[0].i_evt_engine/i_memory_sequencer/i_evt_memory_subsystem/i_status_memory/state_mem[0].i_state_sram_e/i_sram/ram_reg/DIBDI[13]
  -------------------------------------------------------------------    -------------------

                         (clock sys_clk_pin rise edge)
                                                     20.000    20.000 r  
                                                      0.000    20.000 r  clk_i (IN)
                         net (fo=0)                   0.000    20.000    clk_i
                         IBUF (Prop_ibuf_I_O)         0.787    20.787 r  clk_i_IBUF_inst/O
                         net (fo=1, unplaced)         0.760    21.547    clk_i_IBUF
                         BUFG (Prop_bufg_I_O)         0.091    21.638 r  clk_i_IBUF_BUFG_inst/O
                         net (fo=63616, unplaced)     0.439    22.077    i_soc/i_sne/i_sne/evt_engine[0].i_evt_engine/i_memory_sequencer/i_evt_memory_subsystem/i_status_memory/state_mem[0].i_state_sram_e/i_sram/clk_i_IBUF_BUFG
                         RAMB18E1                                     r  i_soc/i_sne/i_sne/evt_engine[0].i_evt_engine/i_memory_sequencer/i_evt_memory_subsystem/i_status_memory/state_mem[0].i_state_sram_e/i_sram/ram_reg/CLKBWRCLK
                         clock pessimism              0.178    22.255    
                         clock uncertainty           -0.035    22.220    
                         RAMB18E1 (Setup_ramb18e1_CLKBWRCLK_DIBDI[13])
                                                     -0.737    21.483    i_soc/i_sne/i_sne/evt_engine[0].i_evt_engine/i_memory_sequencer/i_evt_memory_subsystem/i_status_memory/state_mem[0].i_state_sram_e/i_sram/ram_reg
  -------------------------------------------------------------------
                         required time                         21.483    
                         arrival time                         -39.732    
  -------------------------------------------------------------------
                         slack                                -18.249    





Min Delay Paths
--------------------------------------------------------------------------------------
Slack (MET) :             0.011ns  (arrival time - required time)
  Source:                 i_soc/i_sne/i_sne/evt_engine[0].i_evt_engine/fifo[0].i_evt_cdc_fifo/i_cdc_fifo_gray/i_dst/gen_sync[0].i_sync/reg_q_reg[0]/C
                            (rising edge-triggered cell FDCE clocked by sys_clk_pin  {rise@0.000ns fall@10.000ns period=20.000ns})
  Destination:            i_soc/i_sne/i_sne/evt_engine[0].i_evt_engine/fifo[0].i_evt_cdc_fifo/i_cdc_fifo_gray/i_dst/gen_sync[0].i_sync/reg_q_reg[1]/D
                            (rising edge-triggered cell FDCE clocked by sys_clk_pin  {rise@0.000ns fall@10.000ns period=20.000ns})
  Path Group:             sys_clk_pin
  Path Type:              Hold (Min at Fast Process Corner)
  Requirement:            0.000ns  (sys_clk_pin rise@0.000ns - sys_clk_pin rise@0.000ns)
  Data Path Delay:        0.226ns  (logic 0.141ns (62.465%)  route 0.085ns (37.535%))
  Logic Levels:           0  
  Clock Path Skew:        0.145ns (DCD - SCD - CPR)
    Destination Clock Delay (DCD):    0.981ns
    Source Clock Delay      (SCD):    0.627ns
    Clock Pessimism Removal (CPR):    0.209ns

    Location             Delay type                Incr(ns)  Path(ns)    Netlist Resource(s)
  -------------------------------------------------------------------    -------------------
                         (clock sys_clk_pin rise edge)
                                                      0.000     0.000 r  
                                                      0.000     0.000 r  clk_i (IN)
                         net (fo=0)                   0.000     0.000    clk_i
                         IBUF (Prop_ibuf_I_O)         0.150     0.150 r  clk_i_IBUF_inst/O
                         net (fo=1, unplaced)         0.337     0.487    clk_i_IBUF
                         BUFG (Prop_bufg_I_O)         0.026     0.513 r  clk_i_IBUF_BUFG_inst/O
                         net (fo=63616, unplaced)     0.114     0.627    i_soc/i_sne/i_sne/evt_engine[0].i_evt_engine/fifo[0].i_evt_cdc_fifo/i_cdc_fifo_gray/i_dst/gen_sync[0].i_sync/clk_i_IBUF_BUFG
                         FDCE                                         r  i_soc/i_sne/i_sne/evt_engine[0].i_evt_engine/fifo[0].i_evt_cdc_fifo/i_cdc_fifo_gray/i_dst/gen_sync[0].i_sync/reg_q_reg[0]/C
  -------------------------------------------------------------------    -------------------
                         FDCE (Prop_fdce_C_Q)         0.141     0.768 r  i_soc/i_sne/i_sne/evt_engine[0].i_evt_engine/fifo[0].i_evt_cdc_fifo/i_cdc_fifo_gray/i_dst/gen_sync[0].i_sync/reg_q_reg[0]/Q
                         net (fo=1, unplaced)         0.085     0.852    i_soc/i_sne/i_sne/evt_engine[0].i_evt_engine/fifo[0].i_evt_cdc_fifo/i_cdc_fifo_gray/i_dst/gen_sync[0].i_sync/reg_q[0]
                         FDCE                                         r  i_soc/i_sne/i_sne/evt_engine[0].i_evt_engine/fifo[0].i_evt_cdc_fifo/i_cdc_fifo_gray/i_dst/gen_sync[0].i_sync/reg_q_reg[1]/D
  -------------------------------------------------------------------    -------------------

                         (clock sys_clk_pin rise edge)
                                                      0.000     0.000 r  
                                                      0.000     0.000 r  clk_i (IN)
                         net (fo=0)                   0.000     0.000    clk_i
                         IBUF (Prop_ibuf_I_O)         0.338     0.338 r  clk_i_IBUF_inst/O
                         net (fo=1, unplaced)         0.355     0.693    clk_i_IBUF
                         BUFG (Prop_bufg_I_O)         0.029     0.722 r  clk_i_IBUF_BUFG_inst/O
                         net (fo=63616, unplaced)     0.259     0.981    i_soc/i_sne/i_sne/evt_engine[0].i_evt_engine/fifo[0].i_evt_cdc_fifo/i_cdc_fifo_gray/i_dst/gen_sync[0].i_sync/clk_i_IBUF_BUFG
                         FDCE                                         r  i_soc/i_sne/i_sne/evt_engine[0].i_evt_engine/fifo[0].i_evt_cdc_fifo/i_cdc_fifo_gray/i_dst/gen_sync[0].i_sync/reg_q_reg[1]/C
                         clock pessimism             -0.209     0.772    
                         FDCE (Hold_fdce_C_D)         0.070     0.842    i_soc/i_sne/i_sne/evt_engine[0].i_evt_engine/fifo[0].i_evt_cdc_fifo/i_cdc_fifo_gray/i_dst/gen_sync[0].i_sync/reg_q_reg[1]
  -------------------------------------------------------------------
                         required time                         -0.842    
                         arrival time                           0.852    
  -------------------------------------------------------------------
                         slack                                  0.011    





Pulse Width Checks
--------------------------------------------------------------------------------------
Clock Name:         sys_clk_pin
Waveform(ns):       { 0.000 10.000 }
Period(ns):         20.000
Sources:            { clk_i }

Check Type        Corner  Lib Pin             Reference Pin  Required(ns)  Actual(ns)  Slack(ns)  Location  Pin
Min Period        n/a     RAMB36E1/CLKARDCLK  n/a            3.363         20.000      16.637               i_soc/i_l2_mem/ram_reg_0_0_0/CLKARDCLK
Low Pulse Width   Slow    RAMD64E/CLK         n/a            1.250         10.000      8.750                i_soc/i_cutie/linear_act_mem_reg_0_63_0_2/RAMA/CLK
High Pulse Width  Slow    RAMD64E/CLK         n/a            1.250         10.000      8.750                i_soc/i_cutie/linear_act_mem_reg_0_63_0_2/RAMA/CLK



---------------------------------------------------------------------------------------------------
Path Group:  **async_default**
From Clock:  sys_clk_pin
  To Clock:  sys_clk_pin

Setup :            0  Failing Endpoints,  Worst Slack       17.361ns,  Total Violation        0.000ns
Hold  :            0  Failing Endpoints,  Worst Slack        0.736ns,  Total Violation        0.000ns
---------------------------------------------------------------------------------------------------


Max Delay Paths
--------------------------------------------------------------------------------------
Slack (MET) :             17.361ns  (required time - arrival time)
  Source:                 i_soc/rst_n_q_reg/C
                            (rising edge-triggered cell FDCE clocked by sys_clk_pin  {rise@0.000ns fall@10.000ns period=20.000ns})
  Destination:            i_soc/i_cutie/act_rdata_q_reg[0]/CLR
                            (recovery check against rising-edge clock sys_clk_pin  {rise@0.000ns fall@10.000ns period=20.000ns})
  Path Group:             **async_default**
  Path Type:              Recovery (Max at Slow Process Corner)
  Requirement:            20.000ns  (sys_clk_pin rise@20.000ns - sys_clk_pin rise@0.000ns)
  Data Path Delay:        2.050ns  (logic 0.751ns (36.634%)  route 1.299ns (63.366%))
  Logic Levels:           1  (LUT1=1)
  Clock Path Skew:        -0.145ns (DCD - SCD + CPR)
    Destination Clock Delay (DCD):    2.077ns = ( 22.077 - 20.000 ) 
    Source Clock Delay      (SCD):    2.400ns
    Clock Pessimism Removal (CPR):    0.178ns
  Clock Uncertainty:      0.035ns  ((TSJ^2 + TIJ^2)^1/2 + DJ) / 2 + PE
    Total System Jitter     (TSJ):    0.071ns
    Total Input Jitter      (TIJ):    0.000ns
    Discrete Jitter          (DJ):    0.000ns
    Phase Error              (PE):    0.000ns

    Location             Delay type                Incr(ns)  Path(ns)    Netlist Resource(s)
  -------------------------------------------------------------------    -------------------
                         (clock sys_clk_pin rise edge)
                                                      0.000     0.000 r  
                                                      0.000     0.000 r  clk_i (IN)
                         net (fo=0)                   0.000     0.000    clk_i
                         IBUF (Prop_ibuf_I_O)         0.920     0.920 r  clk_i_IBUF_inst/O
                         net (fo=1, unplaced)         0.800     1.720    clk_i_IBUF
                         BUFG (Prop_bufg_I_O)         0.096     1.816 r  clk_i_IBUF_BUFG_inst/O
                         net (fo=63616, unplaced)     0.584     2.400    i_soc/clk_i_IBUF_BUFG
                         FDCE                                         r  i_soc/rst_n_q_reg/C
  -------------------------------------------------------------------    -------------------
                         FDCE (Prop_fdce_C_Q)         0.456     2.856 r  i_soc/rst_n_q_reg/Q
                         net (fo=33, unplaced)        0.383     3.239    i_soc/i_cutie/cutie_i/linebuffer/genblk1[15].block/rst_n_q
                         LUT1 (Prop_lut1_I0_O)        0.295     3.534 f  i_soc/i_cutie/cutie_i/linebuffer/genblk1[15].block/mem_reg_q[0][0][0][1]_i_1/O
                         net (fo=57222, unplaced)     0.916     4.450    i_soc/i_cutie/rst_n_q_reg
                         FDCE                                         f  i_soc/i_cutie/act_rdata_q_reg[0]/CLR
  -------------------------------------------------------------------    -------------------

                         (clock sys_clk_pin rise edge)
                                                     20.000    20.000 r  
                                                      0.000    20.000 r  clk_i (IN)
                         net (fo=0)                   0.000    20.000    clk_i
                         IBUF (Prop_ibuf_I_O)         0.787    20.787 r  clk_i_IBUF_inst/O
                         net (fo=1, unplaced)         0.760    21.547    clk_i_IBUF
                         BUFG (Prop_bufg_I_O)         0.091    21.638 r  clk_i_IBUF_BUFG_inst/O
                         net (fo=63616, unplaced)     0.439    22.077    i_soc/i_cutie/clk_i_IBUF_BUFG
                         FDCE                                         r  i_soc/i_cutie/act_rdata_q_reg[0]/C
                         clock pessimism              0.178    22.255    
                         clock uncertainty           -0.035    22.220    
                         FDCE (Recov_fdce_C_CLR)     -0.409    21.811    i_soc/i_cutie/act_rdata_q_reg[0]
  -------------------------------------------------------------------
                         required time                         21.811    
                         arrival time                          -4.450    
  -------------------------------------------------------------------
                         slack                                 17.361    





Min Delay Paths
--------------------------------------------------------------------------------------
Slack (MET) :             0.736ns  (arrival time - required time)
  Source:                 i_soc/rst_n_q_reg/C
                            (rising edge-triggered cell FDCE clocked by sys_clk_pin  {rise@0.000ns fall@10.000ns period=20.000ns})
  Destination:            i_soc/i_cutie/act_rdata_q_reg[0]/CLR
                            (removal check against rising-edge clock sys_clk_pin  {rise@0.000ns fall@10.000ns period=20.000ns})
  Path Group:             **async_default**
  Path Type:              Removal (Min at Fast Process Corner)
  Requirement:            0.000ns  (sys_clk_pin rise@0.000ns - sys_clk_pin rise@0.000ns)
  Data Path Delay:        0.787ns  (logic 0.239ns (30.386%)  route 0.548ns (69.614%))
  Logic Levels:           1  (LUT1=1)
  Clock Path Skew:        0.145ns (DCD - SCD - CPR)
    Destination Clock Delay (DCD):    0.981ns
    Source Clock Delay      (SCD):    0.627ns
    Clock Pessimism Removal (CPR):    0.209ns

    Location             Delay type                Incr(ns)  Path(ns)    Netlist Resource(s)
  -------------------------------------------------------------------    -------------------
                         (clock sys_clk_pin rise edge)
                                                      0.000     0.000 r  
                                                      0.000     0.000 r  clk_i (IN)
                         net (fo=0)                   0.000     0.000    clk_i
                         IBUF (Prop_ibuf_I_O)         0.150     0.150 r  clk_i_IBUF_inst/O
                         net (fo=1, unplaced)         0.337     0.487    clk_i_IBUF
                         BUFG (Prop_bufg_I_O)         0.026     0.513 r  clk_i_IBUF_BUFG_inst/O
                         net (fo=63616, unplaced)     0.114     0.627    i_soc/clk_i_IBUF_BUFG
                         FDCE                                         r  i_soc/rst_n_q_reg/C
  -------------------------------------------------------------------    -------------------
                         FDCE (Prop_fdce_C_Q)         0.141     0.768 r  i_soc/rst_n_q_reg/Q
                         net (fo=33, unplaced)        0.161     0.929    i_soc/i_cutie/cutie_i/linebuffer/genblk1[15].block/rst_n_q
                         LUT1 (Prop_lut1_I0_O)        0.098     1.027 f  i_soc/i_cutie/cutie_i/linebuffer/genblk1[15].block/mem_reg_q[0][0][0][1]_i_1/O
                         net (fo=57222, unplaced)     0.386     1.413    i_soc/i_cutie/rst_n_q_reg
                         FDCE                                         f  i_soc/i_cutie/act_rdata_q_reg[0]/CLR
  -------------------------------------------------------------------    -------------------

                         (clock sys_clk_pin rise edge)
                                                      0.000     0.000 r  
                                                      0.000     0.000 r  clk_i (IN)
                         net (fo=0)                   0.000     0.000    clk_i
                         IBUF (Prop_ibuf_I_O)         0.338     0.338 r  clk_i_IBUF_inst/O
                         net (fo=1, unplaced)         0.355     0.693    clk_i_IBUF
                         BUFG (Prop_bufg_I_O)         0.029     0.722 r  clk_i_IBUF_BUFG_inst/O
                         net (fo=63616, unplaced)     0.259     0.981    i_soc/i_cutie/clk_i_IBUF_BUFG
                         FDCE                                         r  i_soc/i_cutie/act_rdata_q_reg[0]/C
                         clock pessimism             -0.209     0.772    
                         FDCE (Remov_fdce_C_CLR)     -0.094     0.678    i_soc/i_cutie/act_rdata_q_reg[0]
  -------------------------------------------------------------------
                         required time                         -0.678    
                         arrival time                           1.413    
  -------------------------------------------------------------------
                         slack                                  0.736    





