Copyright 1986-2022 Xilinx, Inc. All Rights Reserved.
------------------------------------------------------------------------------------
| Tool Version : Vivado v.2022.2 (win64) Build 3671981 Fri Oct 14 05:00:03 MDT 2022
| Date         : Thu Mar 26 11:07:31 2026
| Host         : kiran-kumar-siripurapu running 64-bit major release  (build 9200)
| Command      : report_timing_summary -file synth_timing.rpt
| Design       : kraken_soc_func_fpga
| Device       : 7a200t-sbg484
| Speed File   : -1  PRODUCTION 1.23 2018-06-13
------------------------------------------------------------------------------------

Timing Summary Report

------------------------------------------------------------------------------------------------
| Timer Settings
| --------------
------------------------------------------------------------------------------------------------

  Enable Multi Corner Analysis               :  Yes
  Enable Pessimism Removal                   :  Yes
  Pessimism Removal Resolution               :  Nearest Common Node
  Enable Input Delay Default Clock           :  No
  Enable Preset / Clear Arcs                 :  No
  Disable Flight Delays                      :  No
  Ignore I/O Paths                           :  No
  Timing Early Launch at Borrowing Latches   :  No
  Borrow Time for Max Delay Exceptions       :  Yes
  Merge Timing Exceptions                    :  Yes

  Corner  Analyze    Analyze    
  Name    Max Paths  Min Paths  
  ------  ---------  ---------  
  Slow    Yes        Yes        
  Fast    Yes        Yes        


------------------------------------------------------------------------------------------------
| Report Methodology
| ------------------
------------------------------------------------------------------------------------------------

No report available as report_methodology has not been run prior. Run report_methodology on the current design for the summary of methodology violations.



check_timing report

Table of Contents
-----------------
1. checking no_clock (104)
2. checking constant_clock (0)
3. checking pulse_width_clock (0)
4. checking unconstrained_internal_endpoints (80)
5. checking no_input_delay (1)
6. checking no_output_delay (0)
7. checking multiple_clock (0)
8. checking generated_clocks (0)
9. checking loops (0)
10. checking partial_input_delay (0)
11. checking partial_output_delay (0)
12. checking latch_loops (0)

1. checking no_clock (104)
--------------------------
 There are 6 register/latch pins with no clock driven by root clock pin: i_soc/i_sne/i_sne/evt_engine[0].i_evt_engine/i_memory_sequencer/i_evt_memory_subsystem/evt_kernel_memory/mode_q_reg[0]/Q (HIGH)

 There are 6 register/latch pins with no clock driven by root clock pin: i_soc/i_sne/i_sne/evt_engine[0].i_evt_engine/i_memory_sequencer/i_evt_memory_subsystem/evt_kernel_memory/mode_q_reg[1]/Q (HIGH)

 There is 1 register/latch pin with no clock driven by root clock pin: i_soc/i_sne/i_sne/evt_engine[0].i_evt_engine/i_memory_sequencer/i_evt_memory_subsystem/evt_kernel_memory/wr_en_q_reg/Q (HIGH)

 There are 6 register/latch pins with no clock driven by root clock pin: i_soc/i_sne/i_sne/evt_engine[1].i_evt_engine/i_memory_sequencer/i_evt_memory_subsystem/evt_kernel_memory/mode_q_reg[0]/Q (HIGH)

 There are 6 register/latch pins with no clock driven by root clock pin: i_soc/i_sne/i_sne/evt_engine[1].i_evt_engine/i_memory_sequencer/i_evt_memory_subsystem/evt_kernel_memory/mode_q_reg[1]/Q (HIGH)

 There is 1 register/latch pin with no clock driven by root clock pin: i_soc/i_sne/i_sne/evt_engine[1].i_evt_engine/i_memory_sequencer/i_evt_memory_subsystem/evt_kernel_memory/wr_en_q_reg/Q (HIGH)

 There are 6 register/latch pins with no clock driven by root clock pin: i_soc/i_sne/i_sne/evt_engine[2].i_evt_engine/i_memory_sequencer/i_evt_memory_subsystem/evt_kernel_memory/mode_q_reg[0]/Q (HIGH)

 There are 6 register/latch pins with no clock driven by root clock pin: i_soc/i_sne/i_sne/evt_engine[2].i_evt_engine/i_memory_sequencer/i_evt_memory_subsystem/evt_kernel_memory/mode_q_reg[1]/Q (HIGH)

 There is 1 register/latch pin with no clock driven by root clock pin: i_soc/i_sne/i_sne/evt_engine[2].i_evt_engine/i_memory_sequencer/i_evt_memory_subsystem/evt_kernel_memory/wr_en_q_reg/Q (HIGH)

 There are 6 register/latch pins with no clock driven by root clock pin: i_soc/i_sne/i_sne/evt_engine[3].i_evt_engine/i_memory_sequencer/i_evt_memory_subsystem/evt_kernel_memory/mode_q_reg[0]/Q (HIGH)

 There are 6 register/latch pins with no clock driven by root clock pin: i_soc/i_sne/i_sne/evt_engine[3].i_evt_engine/i_memory_sequencer/i_evt_memory_subsystem/evt_kernel_memory/mode_q_reg[1]/Q (HIGH)

 There is 1 register/latch pin with no clock driven by root clock pin: i_soc/i_sne/i_sne/evt_engine[3].i_evt_engine/i_memory_sequencer/i_evt_memory_subsystem/evt_kernel_memory/wr_en_q_reg/Q (HIGH)

 There are 6 register/latch pins with no clock driven by root clock pin: i_soc/i_sne/i_sne/evt_engine[4].i_evt_engine/i_memory_sequencer/i_evt_memory_subsystem/evt_kernel_memory/mode_q_reg[0]/Q (HIGH)

 There are 6 register/latch pins with no clock driven by root clock pin: i_soc/i_sne/i_sne/evt_engine[4].i_evt_engine/i_memory_sequencer/i_evt_memory_subsystem/evt_kernel_memory/mode_q_reg[1]/Q (HIGH)

 There is 1 register/latch pin with no clock driven by root clock pin: i_soc/i_sne/i_sne/evt_engine[4].i_evt_engine/i_memory_sequencer/i_evt_memory_subsystem/evt_kernel_memory/wr_en_q_reg/Q (HIGH)

 There are 6 register/latch pins with no clock driven by root clock pin: i_soc/i_sne/i_sne/evt_engine[5].i_evt_engine/i_memory_sequencer/i_evt_memory_subsystem/evt_kernel_memory/mode_q_reg[0]/Q (HIGH)

 There are 6 register/latch pins with no clock driven by root clock pin: i_soc/i_sne/i_sne/evt_engine[5].i_evt_engine/i_memory_sequencer/i_evt_memory_subsystem/evt_kernel_memory/mode_q_reg[1]/Q (HIGH)

 There is 1 register/latch pin with no clock driven by root clock pin: i_soc/i_sne/i_sne/evt_engine[5].i_evt_engine/i_memory_sequencer/i_evt_memory_subsystem/evt_kernel_memory/wr_en_q_reg/Q (HIGH)

 There are 6 register/latch pins with no clock driven by root clock pin: i_soc/i_sne/i_sne/evt_engine[6].i_evt_engine/i_memory_sequencer/i_evt_memory_subsystem/evt_kernel_memory/mode_q_reg[0]/Q (HIGH)

 There are 6 register/latch pins with no clock driven by root clock pin: i_soc/i_sne/i_sne/evt_engine[6].i_evt_engine/i_memory_sequencer/i_evt_memory_subsystem/evt_kernel_memory/mode_q_reg[1]/Q (HIGH)

 There is 1 register/latch pin with no clock driven by root clock pin: i_soc/i_sne/i_sne/evt_engine[6].i_evt_engine/i_memory_sequencer/i_evt_memory_subsystem/evt_kernel_memory/wr_en_q_reg/Q (HIGH)

 There are 6 register/latch pins with no clock driven by root clock pin: i_soc/i_sne/i_sne/evt_engine[7].i_evt_engine/i_memory_sequencer/i_evt_memory_subsystem/evt_kernel_memory/mode_q_reg[0]/Q (HIGH)

 There are 6 register/latch pins with no clock driven by root clock pin: i_soc/i_sne/i_sne/evt_engine[7].i_evt_engine/i_memory_sequencer/i_evt_memory_subsystem/evt_kernel_memory/mode_q_reg[1]/Q (HIGH)

 There is 1 register/latch pin with no clock driven by root clock pin: i_soc/i_sne/i_sne/evt_engine[7].i_evt_engine/i_memory_sequencer/i_evt_memory_subsystem/evt_kernel_memory/wr_en_q_reg/Q (HIGH)


2. checking constant_clock (0)
------------------------------
 There are 0 register/latch pins with constant_clock.


3. checking pulse_width_clock (0)
---------------------------------
 There are 0 register/latch pins which need pulse_width check


4. checking unconstrained_internal_endpoints (80)
-------------------------------------------------
 There are 80 pins that are not constrained for maximum delay. (HIGH)

 There are 0 pins that are not constrained for maximum delay due to constant clock.


5. checking no_input_delay (1)
------------------------------
 There are 0 input ports with no input delay specified.

 There is 1 input port with no input delay but user has a false path constraint. (MEDIUM)


6. checking no_output_delay (0)
-------------------------------
 There are 0 ports with no output delay specified.

 There are 0 ports with no output delay but user has a false path constraint

 There are 0 ports with no output delay but with a timing clock defined on it or propagating through it


7. checking multiple_clock (0)
------------------------------
 There are 0 register/latch pins with multiple clocks.


8. checking generated_clocks (0)
--------------------------------
 There are 0 generated clocks that are not connected to a clock source.


9. checking loops (0)
---------------------
 There are 0 combinational loops in the design.


10. checking partial_input_delay (0)
------------------------------------
 There are 0 input ports with partial input delay specified.


11. checking partial_output_delay (0)
-------------------------------------
 There are 0 ports with partial output delay specified.


12. checking latch_loops (0)
----------------------------
 There are 0 combinational latch loops in the design through latch input



------------------------------------------------------------------------------------------------
| Design Timing Summary
| ---------------------
------------------------------------------------------------------------------------------------

    WNS(ns)      TNS(ns)  TNS Failing Endpoints  TNS Total Endpoints      WHS(ns)      THS(ns)  THS Failing Endpoints  THS Total Endpoints     WPWS(ns)     TPWS(ns)  TPWS Failing Endpoints  TPWS Total Endpoints  
    -------      -------  ---------------------  -------------------      -------      -------  ---------------------  -------------------     --------     --------  ----------------------  --------------------  
    -26.313  -975140.062                  90707               327735        0.011        0.000                      0               327735        3.750        0.000                       0                101185  


Timing constraints are not met.


------------------------------------------------------------------------------------------------
| Clock Summary
| -------------
------------------------------------------------------------------------------------------------

Clock        Waveform(ns)       Period(ns)      Frequency(MHz)
-----        ------------       ----------      --------------
sys_clk_pin  {0.000 5.000}      10.000          100.000         


------------------------------------------------------------------------------------------------
| Intra Clock Table
| -----------------
------------------------------------------------------------------------------------------------

Clock             WNS(ns)      TNS(ns)  TNS Failing Endpoints  TNS Total Endpoints      WHS(ns)      THS(ns)  THS Failing Endpoints  THS Total Endpoints     WPWS(ns)     TPWS(ns)  TPWS Failing Endpoints  TPWS Total Endpoints  
-----             -------      -------  ---------------------  -------------------      -------      -------  ---------------------  -------------------     --------     --------  ----------------------  --------------------  
sys_clk_pin       -26.313  -975140.062                  90707               233151        0.011        0.000                      0               233151        3.750        0.000                       0                101185  


------------------------------------------------------------------------------------------------
| Inter Clock Table
| -----------------
------------------------------------------------------------------------------------------------

From Clock    To Clock          WNS(ns)      TNS(ns)  TNS Failing Endpoints  TNS Total Endpoints      WHS(ns)      THS(ns)  THS Failing Endpoints  THS Total Endpoints  
----------    --------          -------      -------  ---------------------  -------------------      -------      -------  ---------------------  -------------------  


------------------------------------------------------------------------------------------------
| Other Path Groups Table
| -----------------------
------------------------------------------------------------------------------------------------

Path Group         From Clock         To Clock               WNS(ns)      TNS(ns)  TNS Failing Endpoints  TNS Total Endpoints      WHS(ns)      THS(ns)  THS Failing Endpoints  THS Total Endpoints  
----------         ----------         --------               -------      -------  ---------------------  -------------------      -------      -------  ---------------------  -------------------  
**async_default**  sys_clk_pin        sys_clk_pin              7.293        0.000                      0                94584        0.705        0.000                      0                94584  


------------------------------------------------------------------------------------------------
| Timing Details
| --------------
------------------------------------------------------------------------------------------------


---------------------------------------------------------------------------------------------------
From Clock:  sys_clk_pin
  To Clock:  sys_clk_pin

Setup :        90707  Failing Endpoints,  Worst Slack      -26.313ns,  Total Violation  -975140.079ns
Hold  :            0  Failing Endpoints,  Worst Slack        0.011ns,  Total Violation        0.000ns
PW    :            0  Failing Endpoints,  Worst Slack        3.750ns,  Total Violation        0.000ns
---------------------------------------------------------------------------------------------------


Max Delay Paths
--------------------------------------------------------------------------------------
Slack (VIOLATED) :        -26.313ns  (required time - arrival time)
  Source:                 i_soc/i_sne/i_sne/evt_engine[0].i_evt_engine/i_evt_engine_router/i_evt_time_insert/curr_time_q_reg[4]/C
                            (rising edge-triggered cell FDCE clocked by sys_clk_pin  {rise@0.000ns fall@5.000ns period=10.000ns})
  Destination:            i_soc/i_sne/i_sne/evt_engine[0].i_evt_engine/i_memory_sequencer/i_evt_memory_subsystem/i_status_memory/state_mem[0].i_state_sram_e/i_sram/ram_reg/DIBDI[15]
                            (rising edge-triggered cell RAMB18E1 clocked by sys_clk_pin  {rise@0.000ns fall@5.000ns period=10.000ns})
  Path Group:             sys_clk_pin
  Path Type:              Setup (Max at Slow Process Corner)
  Requirement:            10.000ns  (sys_clk_pin rise@10.000ns - sys_clk_pin rise@0.000ns)
  Data Path Delay:        35.892ns  (logic 12.349ns (34.406%)  route 23.543ns (65.594%))
  Logic Levels:           50  (CARRY4=21 LUT2=3 LUT3=3 LUT4=6 LUT5=8 LUT6=9)
  Clock Path Skew:        -0.145ns (DCD - SCD + CPR)
    Destination Clock Delay (DCD):    2.077ns = ( 12.077 - 10.000 ) 
    Source Clock Delay      (SCD):    2.400ns
    Clock Pessimism Removal (CPR):    0.178ns
  Clock Uncertainty:      0.035ns  ((TSJ^2 + TIJ^2)^1/2 + DJ) / 2 + PE
    Total System Jitter     (TSJ):    0.071ns
    Total Input Jitter      (TIJ):    0.000ns
    Discrete Jitter          (DJ):    0.000ns
    Phase Error              (PE):    0.000ns

    Location             Delay type                Incr(ns)  Path(ns)    Netlist Resource(s)
  -------------------------------------------------------------------    -------------------
                         (clock sys_clk_pin rise edge)
                                                      0.000     0.000 r  
                                                      0.000     0.000 r  clk_i (IN)
                         net (fo=0)                   0.000     0.000    clk_i
                         IBUF (Prop_ibuf_I_O)         0.920     0.920 r  clk_i_IBUF_inst/O
                         net (fo=1, unplaced)         0.800     1.720    clk_i_IBUF
                         BUFG (Prop_bufg_I_O)         0.096     1.816 r  clk_i_IBUF_BUFG_inst/O
                         net (fo=101184, unplaced)    0.584     2.400    i_soc/i_sne/i_sne/evt_engine[0].i_evt_engine/i_evt_engine_router/i_evt_time_insert/clk_i
                         FDCE                                         r  i_soc/i_sne/i_sne/evt_engine[0].i_evt_engine/i_evt_engine_router/i_evt_time_insert/curr_time_q_reg[4]/C
  -------------------------------------------------------------------    -------------------
                         FDCE (Prop_fdce_C_Q)         0.456     2.856 r  i_soc/i_sne/i_sne/evt_engine[0].i_evt_engine/i_evt_engine_router/i_evt_time_insert/curr_time_q_reg[4]/Q
                         net (fo=4, unplaced)         1.007     3.863    i_soc/i_sne/i_sne/evt_engine[0].i_evt_engine/i_evt_engine_router/i_evt_time_insert/curr_time_q_reg[4]
                         CARRY4 (Prop_carry4_S[3]_CO[3])
                                                      0.697     4.560 r  i_soc/i_sne/i_sne/evt_engine[0].i_evt_engine/i_evt_engine_router/i_evt_time_insert/evt_time_stream_dst\\.ready_INST_0_i_90/CO[3]
                         net (fo=1, unplaced)         0.009     4.569    i_soc/i_sne/i_sne/evt_engine[0].i_evt_engine/i_evt_engine_router/i_evt_time_insert/evt_time_stream_dst\\.ready_INST_0_i_90_n_0
                         CARRY4 (Prop_carry4_CI_CO[3])
                                                      0.114     4.683 r  i_soc/i_sne/i_sne/evt_engine[0].i_evt_engine/i_evt_engine_router/i_evt_time_insert/evt_time_stream_dst\\.ready_INST_0_i_81/CO[3]
                         net (fo=1, unplaced)         0.000     4.683    i_soc/i_sne/i_sne/evt_engine[0].i_evt_engine/i_evt_engine_router/i_evt_time_insert/evt_time_stream_dst\\.ready_INST_0_i_81_n_0
                         CARRY4 (Prop_carry4_CI_CO[3])
                                                      0.114     4.797 r  i_soc/i_sne/i_sne/evt_engine[0].i_evt_engine/i_evt_engine_router/i_evt_time_insert/evt_time_stream_dst\\.ready_INST_0_i_80/CO[3]
                         net (fo=1, unplaced)         0.000     4.797    i_soc/i_sne/i_sne/evt_engine[0].i_evt_engine/i_evt_engine_router/i_evt_time_insert/evt_time_stream_dst\\.ready_INST_0_i_80_n_0
                         CARRY4 (Prop_carry4_CI_CO[3])
                                                      0.114     4.911 r  i_soc/i_sne/i_sne/evt_engine[0].i_evt_engine/i_evt_engine_router/i_evt_time_insert/evt_time_stream_dst\\.ready_INST_0_i_58/CO[3]
                         net (fo=1, unplaced)         0.000     4.911    i_soc/i_sne/i_sne/evt_engine[0].i_evt_engine/i_evt_engine_router/i_evt_time_insert/evt_time_stream_dst\\.ready_INST_0_i_58_n_0
                         CARRY4 (Prop_carry4_CI_CO[3])
                                                      0.114     5.025 r  i_soc/i_sne/i_sne/evt_engine[0].i_evt_engine/i_evt_engine_router/i_evt_time_insert/evt_time_stream_dst\\.ready_INST_0_i_57/CO[3]
                         net (fo=1, unplaced)         0.000     5.025    i_soc/i_sne/i_sne/evt_engine[0].i_evt_engine/i_evt_engine_router/i_evt_time_insert/evt_time_stream_dst\\.ready_INST_0_i_57_n_0
                         CARRY4 (Prop_carry4_CI_CO[3])
                                                      0.114     5.139 r  i_soc/i_sne/i_sne/evt_engine[0].i_evt_engine/i_evt_engine_router/i_evt_time_insert/evt_time_stream_dst\\.ready_INST_0_i_33/CO[3]
                         net (fo=1, unplaced)         0.000     5.139    i_soc/i_sne/i_sne/evt_engine[0].i_evt_engine/i_evt_engine_router/i_evt_time_insert/evt_time_stream_dst\\.ready_INST_0_i_33_n_0
                         CARRY4 (Prop_carry4_CI_CO[3])
                                                      0.114     5.253 f  i_soc/i_sne/i_sne/evt_engine[0].i_evt_engine/i_evt_engine_router/i_evt_time_insert/evt_time_stream_dst\\.ready_INST_0_i_32/CO[3]
                         net (fo=3, unplaced)         0.936     6.189    i_soc/i_sne/i_sne/evt_engine[0].i_evt_engine/i_evt_engine_router/i_evt_time_insert/p_0_in[28]
                         LUT3 (Prop_lut3_I0_O)        0.120     6.309 r  i_soc/i_sne/i_sne/evt_engine[0].i_evt_engine/i_evt_engine_router/i_evt_time_insert/evt_time_stream_dst\\.ready_INST_0_i_7/O
                         net (fo=1, unplaced)         0.000     6.309    i_soc/i_sne/i_sne/evt_engine[0].i_evt_engine/i_evt_engine_router/i_evt_time_insert/evt_time_stream_dst\\.ready_INST_0_i_7_n_0
                         CARRY4 (Prop_carry4_DI[2]_CO[3])
                                                      0.427     6.736 r  i_soc/i_sne/i_sne/evt_engine[0].i_evt_engine/i_evt_engine_router/i_evt_time_insert/evt_time_stream_dst\\.ready_INST_0_i_1/CO[3]
                         net (fo=8, unplaced)         0.956     7.692    i_soc/i_sne/i_sne/evt_engine[0].i_evt_engine/i_evt_engine_router/i_evt_time_insert/time_not_contiguous16_in
                         LUT6 (Prop_lut6_I0_O)        0.124     7.816 r  i_soc/i_sne/i_sne/evt_engine[0].i_evt_engine/i_evt_engine_router/i_evt_time_insert/evt_time_stream_src\\.evt[27]_INST_0_i_2/O
                         net (fo=28, unplaced)        0.517     8.333    i_soc/i_sne/i_sne/evt_engine[0].i_evt_engine/i_evt_engine_router/i_evt_time_insert/evt_time_stream_src\\.evt[27]_INST_0_i_2_n_0
                         LUT5 (Prop_lut5_I4_O)        0.124     8.457 r  i_soc/i_sne/i_sne/evt_engine[0].i_evt_engine/i_evt_engine_router/i_evt_time_insert/evt_time_stream_src\\.evt[3]_INST_0/O
                         net (fo=5, unplaced)         0.477     8.934    i_soc/i_sne/i_sne/evt_engine[0].i_evt_engine/i_evt_engine_router/i_evt_spike_filter/evt_time_stream_dst\\.evt[3]
                         LUT4 (Prop_lut4_I3_O)        0.124     9.058 r  i_soc/i_sne/i_sne/evt_engine[0].i_evt_engine/i_evt_engine_router/i_evt_spike_filter/evt_time_stream_dst\\.ready_INST_0_i_43/O
                         net (fo=1, unplaced)         0.000     9.058    i_soc/i_sne/i_sne/evt_engine[0].i_evt_engine/i_evt_engine_router/i_evt_spike_filter/evt_time_stream_dst\\.ready_INST_0_i_43_n_0
                         CARRY4 (Prop_carry4_S[1]_CO[3])
                                                      0.550     9.608 r  i_soc/i_sne/i_sne/evt_engine[0].i_evt_engine/i_evt_engine_router/i_evt_spike_filter/evt_time_stream_dst\\.ready_INST_0_i_5/CO[3]
                         net (fo=1, unplaced)         0.009     9.617    i_soc/i_sne/i_sne/evt_engine[0].i_evt_engine/i_evt_engine_router/i_evt_spike_filter/evt_time_stream_dst\\.ready_INST_0_i_5_n_0
                         CARRY4 (Prop_carry4_CI_CO[3])
                                                      0.114     9.731 r  i_soc/i_sne/i_sne/evt_engine[0].i_evt_engine/i_evt_engine_router/i_evt_spike_filter/evt_time_stream_dst\\.ready_INST_0_i_1/CO[3]
                         net (fo=34, unplaced)        1.181    10.912    i_soc/i_sne/i_sne/evt_engine[0].i_evt_engine/i_evt_engine_router/i_evt_spike_filter/in_left_right_range_s0
                         LUT6 (Prop_lut6_I0_O)        0.124    11.036 r  i_soc/i_sne/i_sne/evt_engine[0].i_evt_engine/i_evt_engine_router/i_evt_spike_filter/evt_time_stream_src\\.evt[29]_INST_0/O
                         net (fo=5, unplaced)         0.477    11.513    i_soc/i_sne/i_sne/evt_engine[0].i_evt_engine/i_evt_engine_router/evt_stream_engine_src\\.evt[29]
                         LUT4 (Prop_lut4_I3_O)        0.124    11.637 r  i_soc/i_sne/i_sne/evt_engine[0].i_evt_engine/i_evt_engine_router/evt_stream_spike_src\\.evt[29]_INST_0/O
                         net (fo=3, unplaced)         0.920    12.557    i_soc/i_sne/i_sne/evt_engine[0].i_evt_engine/i_evt_decoder/evt_spike_stream_decoder_dst\\.evt[29]
                         LUT4 (Prop_lut4_I1_O)        0.124    12.681 r  i_soc/i_sne/i_sne/evt_engine[0].i_evt_engine/i_evt_decoder/evt_dp_stream_decoder_src\\.evt[28]_INST_0/O
                         net (fo=24, unplaced)        0.966    13.647    i_soc/i_sne/i_sne/evt_engine[0].i_evt_engine/i_evt_dp_group/evt_dp_group_stream_dst\\.evt[28]
                         LUT5 (Prop_lut5_I0_O)        0.124    13.771 r  i_soc/i_sne/i_sne/evt_engine[0].i_evt_engine/i_evt_dp_group/group[15].i_evt_filter_i_1/O
                         net (fo=16, unplaced)        1.165    14.936    i_soc/i_sne/i_sne/evt_engine[0].i_evt_engine/i_evt_dp_group/group[0].i_evt_filter/force_en_i
                         LUT5 (Prop_lut5_I4_O)        0.124    15.060 r  i_soc/i_sne/i_sne/evt_engine[0].i_evt_engine/i_evt_dp_group/group[0].i_evt_filter/group_enable_o_INST_0/O
                         net (fo=12, unplaced)        0.497    15.557    i_soc/i_sne/i_sne/evt_engine[0].i_evt_engine/i_evt_dp_group/group[0].i_evt_filter/group_enable_o
                         LUT3 (Prop_lut3_I2_O)        0.124    15.681 r  i_soc/i_sne/i_sne/evt_engine[0].i_evt_engine/i_evt_dp_group/group[0].i_evt_filter/evt_dp_stream_filter_src\\.evt[28]_INST_0/O
                         net (fo=62, unplaced)        0.990    16.671    i_soc/i_sne/i_sne/evt_engine[0].i_evt_engine/i_evt_dp_group/group[0].i_lif_neuron/i_alif_neuron/evt_dp_stream_filter_dst\\.evt[28]
                         LUT4 (Prop_lut4_I0_O)        0.124    16.795 r  i_soc/i_sne/i_sne/evt_engine[0].i_evt_engine/i_evt_dp_group/group[0].i_lif_neuron/i_alif_neuron/exp_lut_i_11/O
                         net (fo=30, unplaced)        0.519    17.314    i_soc/i_sne/i_sne/evt_engine[0].i_evt_engine/i_evt_dp_group/group[0].i_lif_neuron/i_alif_neuron/exp_lut_i_11_n_0
                         LUT4 (Prop_lut4_I3_O)        0.124    17.438 f  i_soc/i_sne/i_sne/evt_engine[0].i_evt_engine/i_evt_dp_group/group[0].i_lif_neuron/i_alif_neuron/neuron_state_o[27]_INST_0_i_211/O
                         net (fo=3, unplaced)         0.920    18.358    i_soc/i_sne/i_sne/evt_engine[0].i_evt_engine/i_evt_dp_group/group[0].i_lif_neuron/i_alif_neuron/neuron_state_o[27]_INST_0_i_211_n_0
                         LUT6 (Prop_lut6_I1_O)        0.124    18.482 r  i_soc/i_sne/i_sne/evt_engine[0].i_evt_engine/i_evt_dp_group/group[0].i_lif_neuron/i_alif_neuron/neuron_state_o[27]_INST_0_i_214/O
                         net (fo=1, unplaced)         0.902    19.384    i_soc/i_sne/i_sne/evt_engine[0].i_evt_engine/i_evt_dp_group/group[0].i_lif_neuron/i_alif_neuron/neuron_state_o[27]_INST_0_i_214_n_0
                         LUT6 (Prop_lut6_I0_O)        0.124    19.508 f  i_soc/i_sne/i_sne/evt_engine[0].i_evt_engine/i_evt_dp_group/group[0].i_lif_neuron/i_alif_neuron/neuron_state_o[27]_INST_0_i_186/O
                         net (fo=2, unplaced)         0.913    20.421    i_soc/i_sne/i_sne/evt_engine[0].i_evt_engine/i_evt_dp_group/group[0].i_lif_neuron/i_alif_neuron/neuron_state_o[27]_INST_0_i_186_n_0
                         LUT6 (Prop_lut6_I4_O)        0.124    20.545 f  i_soc/i_sne/i_sne/evt_engine[0].i_evt_engine/i_evt_dp_group/group[0].i_lif_neuron/i_alif_neuron/neuron_state_o[27]_INST_0_i_192/O
                         net (fo=3, unplaced)         0.920    21.465    i_soc/i_sne/i_sne/evt_engine[0].i_evt_engine/i_evt_dp_group/group[0].i_lif_neuron/i_alif_neuron/neuron_state_o[27]_INST_0_i_192_n_0
                         LUT6 (Prop_lut6_I0_O)        0.124    21.589 f  i_soc/i_sne/i_sne/evt_engine[0].i_evt_engine/i_evt_dp_group/group[0].i_lif_neuron/i_alif_neuron/neuron_state_o[27]_INST_0_i_151/O
                         net (fo=19, unplaced)        0.508    22.097    i_soc/i_sne/i_sne/evt_engine[0].i_evt_engine/i_evt_dp_group/group[0].i_lif_neuron/i_alif_neuron/neuron_state_o[27]_INST_0_i_151_n_0
                         LUT2 (Prop_lut2_I1_O)        0.124    22.221 r  i_soc/i_sne/i_sne/evt_engine[0].i_evt_engine/i_evt_dp_group/group[0].i_lif_neuron/i_alif_neuron/neuron_state_o[27]_INST_0_i_163/O
                         net (fo=3, unplaced)         0.467    22.688    i_soc/i_sne/i_sne/evt_engine[0].i_evt_engine/i_evt_dp_group/group[0].i_lif_neuron/i_alif_neuron/neuron_state_o[27]_INST_0_i_163_n_0
                         LUT5 (Prop_lut5_I4_O)        0.124    22.812 r  i_soc/i_sne/i_sne/evt_engine[0].i_evt_engine/i_evt_dp_group/group[0].i_lif_neuron/i_alif_neuron/neuron_state_o[27]_INST_0_i_108/O
                         net (fo=1, unplaced)         0.639    23.451    i_soc/i_sne/i_sne/evt_engine[0].i_evt_engine/i_evt_dp_group/group[0].i_lif_neuron/i_alif_neuron/neuron_state_o[27]_INST_0_i_108_n_0
                         CARRY4 (Prop_carry4_DI[1]_O[3])
                                                      0.614    24.065 r  i_soc/i_sne/i_sne/evt_engine[0].i_evt_engine/i_evt_dp_group/group[0].i_lif_neuron/i_alif_neuron/neuron_state_o[27]_INST_0_i_69/O[3]
                         net (fo=2, unplaced)         0.432    24.497    i_soc/i_sne/i_sne/evt_engine[0].i_evt_engine/i_evt_dp_group/group[0].i_lif_neuron/i_alif_neuron/neuron_state_o[27]_INST_0_i_69_n_4
                         LUT3 (Prop_lut3_I1_O)        0.332    24.829 r  i_soc/i_sne/i_sne/evt_engine[0].i_evt_engine/i_evt_dp_group/group[0].i_lif_neuron/i_alif_neuron/neuron_state_o[27]_INST_0_i_35/O
                         net (fo=2, unplaced)         0.653    25.482    i_soc/i_sne/i_sne/evt_engine[0].i_evt_engine/i_evt_dp_group/group[0].i_lif_neuron/i_alif_neuron/neuron_state_o[27]_INST_0_i_35_n_0
                         LUT4 (Prop_lut4_I3_O)        0.332    25.814 r  i_soc/i_sne/i_sne/evt_engine[0].i_evt_engine/i_evt_dp_group/group[0].i_lif_neuron/i_alif_neuron/neuron_state_o[27]_INST_0_i_39/O
                         net (fo=1, unplaced)         0.000    25.814    i_soc/i_sne/i_sne/evt_engine[0].i_evt_engine/i_evt_dp_group/group[0].i_lif_neuron/i_alif_neuron/neuron_state_o[27]_INST_0_i_39_n_0
                         CARRY4 (Prop_carry4_S[0]_CO[3])
                                                      0.532    26.346 r  i_soc/i_sne/i_sne/evt_engine[0].i_evt_engine/i_evt_dp_group/group[0].i_lif_neuron/i_alif_neuron/neuron_state_o[27]_INST_0_i_17/CO[3]
                         net (fo=1, unplaced)         0.000    26.346    i_soc/i_sne/i_sne/evt_engine[0].i_evt_engine/i_evt_dp_group/group[0].i_lif_neuron/i_alif_neuron/neuron_state_o[27]_INST_0_i_17_n_0
                         CARRY4 (Prop_carry4_CI_O[1])
                                                      0.348    26.694 r  i_soc/i_sne/i_sne/evt_engine[0].i_evt_engine/i_evt_dp_group/group[0].i_lif_neuron/i_alif_neuron/neuron_state_o[31]_INST_0_i_29/O[1]
                         net (fo=7, unplaced)         0.646    27.340    i_soc/i_sne/i_sne/evt_engine[0].i_evt_engine/i_evt_dp_group/group[0].i_lif_neuron/i_alif_neuron/post_leak_voltage_s2[5]
                         LUT2 (Prop_lut2_I0_O)        0.335    27.675 r  i_soc/i_sne/i_sne/evt_engine[0].i_evt_engine/i_evt_dp_group/group[0].i_lif_neuron/i_alif_neuron/neuron_state_o[27]_INST_0_i_50/O
                         net (fo=1, unplaced)         0.000    27.675    i_soc/i_sne/i_sne/evt_engine[0].i_evt_engine/i_evt_dp_group/group[0].i_lif_neuron/i_alif_neuron/neuron_state_o[27]_INST_0_i_50_n_0
                         CARRY4 (Prop_carry4_DI[2]_CO[3])
                                                      0.427    28.102 r  i_soc/i_sne/i_sne/evt_engine[0].i_evt_engine/i_evt_dp_group/group[0].i_lif_neuron/i_alif_neuron/neuron_state_o[27]_INST_0_i_28/CO[3]
                         net (fo=1, unplaced)         0.000    28.102    i_soc/i_sne/i_sne/evt_engine[0].i_evt_engine/i_evt_dp_group/group[0].i_lif_neuron/i_alif_neuron/neuron_state_o[27]_INST_0_i_28_n_0
                         CARRY4 (Prop_carry4_CI_CO[0])
                                                      0.293    28.395 r  i_soc/i_sne/i_sne/evt_engine[0].i_evt_engine/i_evt_dp_group/group[0].i_lif_neuron/i_alif_neuron/neuron_state_o[27]_INST_0_i_16/CO[0]
                         net (fo=8, unplaced)         0.349    28.744    i_soc/i_sne/i_sne/evt_engine[0].i_evt_engine/i_evt_dp_group/group[0].i_lif_neuron/i_alif_neuron/post_leak_voltage_s11_in
                         LUT5 (Prop_lut5_I1_O)        0.367    29.111 r  i_soc/i_sne/i_sne/evt_engine[0].i_evt_engine/i_evt_dp_group/group[0].i_lif_neuron/i_alif_neuron/neuron_state_o[31]_INST_0_i_26/O
                         net (fo=1, unplaced)         0.449    29.560    i_soc/i_sne/i_sne/evt_engine[0].i_evt_engine/i_evt_dp_group/group[0].i_lif_neuron/i_alif_neuron/neuron_state_o[31]_INST_0_i_26_n_0
                         LUT5 (Prop_lut5_I4_O)        0.124    29.684 r  i_soc/i_sne/i_sne/evt_engine[0].i_evt_engine/i_evt_dp_group/group[0].i_lif_neuron/i_alif_neuron/neuron_state_o[31]_INST_0_i_17/O
                         net (fo=2, unplaced)         0.650    30.334    i_soc/i_sne/i_sne/evt_engine[0].i_evt_engine/i_evt_dp_group/group[0].i_lif_neuron/i_alif_neuron/int_mem_voltage_s[3]
                         CARRY4 (Prop_carry4_DI[1]_CO[3])
                                                      0.507    30.841 r  i_soc/i_sne/i_sne/evt_engine[0].i_evt_engine/i_evt_dp_group/group[0].i_lif_neuron/i_alif_neuron/neuron_state_o[31]_INST_0_i_10/CO[3]
                         net (fo=1, unplaced)         0.009    30.850    i_soc/i_sne/i_sne/evt_engine[0].i_evt_engine/i_evt_dp_group/group[0].i_lif_neuron/i_alif_neuron/neuron_state_o[31]_INST_0_i_10_n_0
                         CARRY4 (Prop_carry4_CI_O[1])
                                                      0.348    31.198 r  i_soc/i_sne/i_sne/evt_engine[0].i_evt_engine/i_evt_dp_group/group[0].i_lif_neuron/i_alif_neuron/neuron_state_o[31]_INST_0_i_9/O[1]
                         net (fo=23, unplaced)        0.674    31.872    i_soc/i_sne/i_sne/evt_engine[0].i_evt_engine/i_evt_dp_group/group[0].i_lif_neuron/i_alif_neuron/sat_mem_voltage_s2[7]
                         LUT6 (Prop_lut6_I1_O)        0.306    32.178 f  i_soc/i_sne/i_sne/evt_engine[0].i_evt_engine/i_evt_dp_group/group[0].i_lif_neuron/i_alif_neuron/neuron_state_o[27]_INST_0_i_13/O
                         net (fo=1, unplaced)         0.449    32.627    i_soc/i_sne/i_sne/evt_engine[0].i_evt_engine/i_evt_dp_group/group[0].i_lif_neuron/i_alif_neuron/neuron_state_o[27]_INST_0_i_13_n_0
                         LUT5 (Prop_lut5_I1_O)        0.124    32.751 r  i_soc/i_sne/i_sne/evt_engine[0].i_evt_engine/i_evt_dp_group/group[0].i_lif_neuron/i_alif_neuron/neuron_state_o[27]_INST_0_i_11/O
                         net (fo=3, unplaced)         0.467    33.218    i_soc/i_sne/i_sne/evt_engine[0].i_evt_engine/i_evt_dp_group/group[0].i_lif_neuron/i_alif_neuron/neuron_state_o[27]_INST_0_i_11_n_0
                         LUT2 (Prop_lut2_I1_O)        0.124    33.342 r  i_soc/i_sne/i_sne/evt_engine[0].i_evt_engine/i_evt_dp_group/group[0].i_lif_neuron/i_alif_neuron/spike_o_INST_0_i_24/O
                         net (fo=1, unplaced)         0.000    33.342    i_soc/i_sne/i_sne/evt_engine[0].i_evt_engine/i_evt_dp_group/group[0].i_lif_neuron/i_alif_neuron/spike_o_INST_0_i_24_n_0
                         CARRY4 (Prop_carry4_S[0]_CO[3])
                                                      0.532    33.874 r  i_soc/i_sne/i_sne/evt_engine[0].i_evt_engine/i_evt_dp_group/group[0].i_lif_neuron/i_alif_neuron/spike_o_INST_0_i_11/CO[3]
                         net (fo=1, unplaced)         0.009    33.883    i_soc/i_sne/i_sne/evt_engine[0].i_evt_engine/i_evt_dp_group/group[0].i_lif_neuron/i_alif_neuron/spike_o_INST_0_i_11_n_0
                         CARRY4 (Prop_carry4_CI_CO[3])
                                                      0.114    33.997 f  i_soc/i_sne/i_sne/evt_engine[0].i_evt_engine/i_evt_dp_group/group[0].i_lif_neuron/i_alif_neuron/spike_o_INST_0_i_2/CO[3]
                         net (fo=4, unplaced)         0.942    34.939    i_soc/i_sne/i_sne/evt_engine[0].i_evt_engine/i_evt_dp_group/group[0].i_lif_neuron/i_alif_neuron/spike_o_INST_0_i_2_n_0
                         LUT6 (Prop_lut6_I1_O)        0.124    35.063 r  i_soc/i_sne/i_sne/evt_engine[0].i_evt_engine/i_evt_dp_group/group[0].i_lif_neuron/i_alif_neuron/spike_o_INST_0/O
                         net (fo=10, unplaced)        0.492    35.555    i_soc/i_sne/i_sne/evt_engine[0].i_evt_engine/i_evt_dp_group/group[0].i_lif_neuron/i_alif_neuron/spike_o
                         LUT5 (Prop_lut5_I4_O)        0.124    35.679 r  i_soc/i_sne/i_sne/evt_engine[0].i_evt_engine/i_evt_dp_group/group[0].i_lif_neuron/i_alif_neuron/neuron_state_o[27]_INST_0_i_8/O
                         net (fo=1, unplaced)         0.000    35.679    i_soc/i_sne/i_sne/evt_engine[0].i_evt_engine/i_evt_dp_group/group[0].i_lif_neuron/i_alif_neuron/neuron_state_o[27]_INST_0_i_8_n_0
                         CARRY4 (Prop_carry4_S[1]_CO[3])
                                                      0.550    36.229 r  i_soc/i_sne/i_sne/evt_engine[0].i_evt_engine/i_evt_dp_group/group[0].i_lif_neuron/i_alif_neuron/neuron_state_o[27]_INST_0_i_1/CO[3]
                         net (fo=1, unplaced)         0.009    36.238    i_soc/i_sne/i_sne/evt_engine[0].i_evt_engine/i_evt_dp_group/group[0].i_lif_neuron/i_alif_neuron/neuron_state_o[27]_INST_0_i_1_n_0
                         CARRY4 (Prop_carry4_CI_O[3])
                                                      0.329    36.567 r  i_soc/i_sne/i_sne/evt_engine[0].i_evt_engine/i_evt_dp_group/group[0].i_lif_neuron/i_alif_neuron/neuron_state_o[31]_INST_0_i_1/O[3]
                         net (fo=1, unplaced)         0.618    37.185    i_soc/i_sne/i_sne/evt_engine[0].i_evt_engine/i_evt_dp_group/group[0].i_lif_neuron/i_alif_neuron/mem_voltage_ns[7]
                         LUT6 (Prop_lut6_I5_O)        0.307    37.492 r  i_soc/i_sne/i_sne/evt_engine[0].i_evt_engine/i_evt_dp_group/group[0].i_lif_neuron/i_alif_neuron/neuron_state_o[31]_INST_0/O
                         net (fo=2, unplaced)         0.800    38.292    i_soc/i_sne/i_sne/evt_engine[0].i_evt_engine/i_memory_sequencer/i_evt_memory_subsystem/i_status_memory/state_mem[0].i_state_sram_e/i_sram/wdata_i[31]
                         RAMB18E1                                     r  i_soc/i_sne/i_sne/evt_engine[0].i_evt_engine/i_memory_sequencer/i_evt_memory_subsystem/i_status_memory/state_mem[0].i_state_sram_e/i_sram/ram_reg/DIBDI[15]
  -------------------------------------------------------------------    -------------------

                         (clock sys_clk_pin rise edge)
                                                     10.000    10.000 r  
                                                      0.000    10.000 r  clk_i (IN)
                         net (fo=0)                   0.000    10.000    clk_i
                         IBUF (Prop_ibuf_I_O)         0.787    10.787 r  clk_i_IBUF_inst/O
                         net (fo=1, unplaced)         0.760    11.547    clk_i_IBUF
                         BUFG (Prop_bufg_I_O)         0.091    11.638 r  clk_i_IBUF_BUFG_inst/O
                         net (fo=101184, unplaced)    0.439    12.077    i_soc/i_sne/i_sne/evt_engine[0].i_evt_engine/i_memory_sequencer/i_evt_memory_subsystem/i_status_memory/state_mem[0].i_state_sram_e/i_sram/clk_i
                         RAMB18E1                                     r  i_soc/i_sne/i_sne/evt_engine[0].i_evt_engine/i_memory_sequencer/i_evt_memory_subsystem/i_status_memory/state_mem[0].i_state_sram_e/i_sram/ram_reg/CLKBWRCLK
                         clock pessimism              0.178    12.255    
                         clock uncertainty           -0.035    12.220    
                         RAMB18E1 (Setup_ramb18e1_CLKBWRCLK_DIBDI[15])
                                                     -0.241    11.979    i_soc/i_sne/i_sne/evt_engine[0].i_evt_engine/i_memory_sequencer/i_evt_memory_subsystem/i_status_memory/state_mem[0].i_state_sram_e/i_sram/ram_reg
  -------------------------------------------------------------------
                         required time                         11.979    
                         arrival time                         -38.292    
  -------------------------------------------------------------------
                         slack                                -26.313    





Min Delay Paths
--------------------------------------------------------------------------------------
Slack (MET) :             0.011ns  (arrival time - required time)
  Source:                 i_soc/i_sne/i_sne/evt_engine[0].i_evt_engine/fifo[0].i_evt_cdc_fifo/i_cdc_fifo_gray/i_dst/gen_sync[0].i_sync/reg_q_reg[0]/C
                            (rising edge-triggered cell FDCE clocked by sys_clk_pin  {rise@0.000ns fall@5.000ns period=10.000ns})
  Destination:            i_soc/i_sne/i_sne/evt_engine[0].i_evt_engine/fifo[0].i_evt_cdc_fifo/i_cdc_fifo_gray/i_dst/gen_sync[0].i_sync/reg_q_reg[1]/D
                            (rising edge-triggered cell FDCE clocked by sys_clk_pin  {rise@0.000ns fall@5.000ns period=10.000ns})
  Path Group:             sys_clk_pin
  Path Type:              Hold (Min at Fast Process Corner)
  Requirement:            0.000ns  (sys_clk_pin rise@0.000ns - sys_clk_pin rise@0.000ns)
  Data Path Delay:        0.226ns  (logic 0.141ns (62.465%)  route 0.085ns (37.535%))
  Logic Levels:           0  
  Clock Path Skew:        0.145ns (DCD - SCD - CPR)
    Destination Clock Delay (DCD):    0.981ns
    Source Clock Delay      (SCD):    0.627ns
    Clock Pessimism Removal (CPR):    0.209ns

    Location             Delay type                Incr(ns)  Path(ns)    Netlist Resource(s)
  -------------------------------------------------------------------    -------------------
                         (clock sys_clk_pin rise edge)
                                                      0.000     0.000 r  
                                                      0.000     0.000 r  clk_i (IN)
                         net (fo=0)                   0.000     0.000    clk_i
                         IBUF (Prop_ibuf_I_O)         0.150     0.150 r  clk_i_IBUF_inst/O
                         net (fo=1, unplaced)         0.337     0.487    clk_i_IBUF
                         BUFG (Prop_bufg_I_O)         0.026     0.513 r  clk_i_IBUF_BUFG_inst/O
                         net (fo=101184, unplaced)    0.114     0.627    i_soc/i_sne/i_sne/evt_engine[0].i_evt_engine/fifo[0].i_evt_cdc_fifo/i_cdc_fifo_gray/i_dst/gen_sync[0].i_sync/clk_i
                         FDCE                                         r  i_soc/i_sne/i_sne/evt_engine[0].i_evt_engine/fifo[0].i_evt_cdc_fifo/i_cdc_fifo_gray/i_dst/gen_sync[0].i_sync/reg_q_reg[0]/C
  -------------------------------------------------------------------    -------------------
                         FDCE (Prop_fdce_C_Q)         0.141     0.768 r  i_soc/i_sne/i_sne/evt_engine[0].i_evt_engine/fifo[0].i_evt_cdc_fifo/i_cdc_fifo_gray/i_dst/gen_sync[0].i_sync/reg_q_reg[0]/Q
                         net (fo=1, unplaced)         0.085     0.852    i_soc/i_sne/i_sne/evt_engine[0].i_evt_engine/fifo[0].i_evt_cdc_fifo/i_cdc_fifo_gray/i_dst/gen_sync[0].i_sync/reg_q[0]
                         FDCE                                         r  i_soc/i_sne/i_sne/evt_engine[0].i_evt_engine/fifo[0].i_evt_cdc_fifo/i_cdc_fifo_gray/i_dst/gen_sync[0].i_sync/reg_q_reg[1]/D
  -------------------------------------------------------------------    -------------------

                         (clock sys_clk_pin rise edge)
                                                      0.000     0.000 r  
                                                      0.000     0.000 r  clk_i (IN)
                         net (fo=0)                   0.000     0.000    clk_i
                         IBUF (Prop_ibuf_I_O)         0.338     0.338 r  clk_i_IBUF_inst/O
                         net (fo=1, unplaced)         0.355     0.693    clk_i_IBUF
                         BUFG (Prop_bufg_I_O)         0.029     0.722 r  clk_i_IBUF_BUFG_inst/O
                         net (fo=101184, unplaced)    0.259     0.981    i_soc/i_sne/i_sne/evt_engine[0].i_evt_engine/fifo[0].i_evt_cdc_fifo/i_cdc_fifo_gray/i_dst/gen_sync[0].i_sync/clk_i
                         FDCE                                         r  i_soc/i_sne/i_sne/evt_engine[0].i_evt_engine/fifo[0].i_evt_cdc_fifo/i_cdc_fifo_gray/i_dst/gen_sync[0].i_sync/reg_q_reg[1]/C
                         clock pessimism             -0.209     0.772    
                         FDCE (Hold_fdce_C_D)         0.070     0.842    i_soc/i_sne/i_sne/evt_engine[0].i_evt_engine/fifo[0].i_evt_cdc_fifo/i_cdc_fifo_gray/i_dst/gen_sync[0].i_sync/reg_q_reg[1]
  -------------------------------------------------------------------
                         required time                         -0.842    
                         arrival time                           0.852    
  -------------------------------------------------------------------
                         slack                                  0.011    





Pulse Width Checks
--------------------------------------------------------------------------------------
Clock Name:         sys_clk_pin
Waveform(ns):       { 0.000 5.000 }
Period(ns):         10.000
Sources:            { clk_i }

Check Type        Corner  Lib Pin             Reference Pin  Required(ns)  Actual(ns)  Slack(ns)  Location  Pin
Min Period        n/a     RAMB36E1/CLKARDCLK  n/a            3.363         10.000      6.637                i_soc/i_data_mem/ram_reg_0_0/CLKARDCLK
Low Pulse Width   Slow    RAMD64E/CLK         n/a            1.250         5.000       3.750                i_soc/i_cutie/linear_act_mem_reg_0_63_0_2/RAMA/CLK
High Pulse Width  Slow    RAMD64E/CLK         n/a            1.250         5.000       3.750                i_soc/i_cutie/linear_act_mem_reg_0_63_0_2/RAMA/CLK



---------------------------------------------------------------------------------------------------
Path Group:  **async_default**
From Clock:  sys_clk_pin
  To Clock:  sys_clk_pin

Setup :            0  Failing Endpoints,  Worst Slack        7.293ns,  Total Violation        0.000ns
Hold  :            0  Failing Endpoints,  Worst Slack        0.705ns,  Total Violation        0.000ns
---------------------------------------------------------------------------------------------------


Max Delay Paths
--------------------------------------------------------------------------------------
Slack (MET) :             7.293ns  (required time - arrival time)
  Source:                 i_soc/rst_n_q_reg/C
                            (rising edge-triggered cell FDCE clocked by sys_clk_pin  {rise@0.000ns fall@5.000ns period=10.000ns})
  Destination:            i_soc/i_cutie/act_rdata_q_reg[0]/CLR
                            (recovery check against rising-edge clock sys_clk_pin  {rise@0.000ns fall@5.000ns period=10.000ns})
  Path Group:             **async_default**
  Path Type:              Recovery (Max at Slow Process Corner)
  Requirement:            10.000ns  (sys_clk_pin rise@10.000ns - sys_clk_pin rise@0.000ns)
  Data Path Delay:        2.118ns  (logic 0.751ns (35.458%)  route 1.367ns (64.542%))
  Logic Levels:           1  (LUT1=1)
  Clock Path Skew:        -0.145ns (DCD - SCD + CPR)
    Destination Clock Delay (DCD):    2.077ns = ( 12.077 - 10.000 ) 
    Source Clock Delay      (SCD):    2.400ns
    Clock Pessimism Removal (CPR):    0.178ns
  Clock Uncertainty:      0.035ns  ((TSJ^2 + TIJ^2)^1/2 + DJ) / 2 + PE
    Total System Jitter     (TSJ):    0.071ns
    Total Input Jitter      (TIJ):    0.000ns
    Discrete Jitter          (DJ):    0.000ns
    Phase Error              (PE):    0.000ns

    Location             Delay type                Incr(ns)  Path(ns)    Netlist Resource(s)
  -------------------------------------------------------------------    -------------------
                         (clock sys_clk_pin rise edge)
                                                      0.000     0.000 r  
                                                      0.000     0.000 r  clk_i (IN)
                         net (fo=0)                   0.000     0.000    clk_i
                         IBUF (Prop_ibuf_I_O)         0.920     0.920 r  clk_i_IBUF_inst/O
                         net (fo=1, unplaced)         0.800     1.720    clk_i_IBUF
                         BUFG (Prop_bufg_I_O)         0.096     1.816 r  clk_i_IBUF_BUFG_inst/O
                         net (fo=101184, unplaced)    0.584     2.400    i_soc/clk_i
                         FDCE                                         r  i_soc/rst_n_q_reg/C
  -------------------------------------------------------------------    -------------------
                         FDCE (Prop_fdce_C_Q)         0.456     2.856 r  i_soc/rst_n_q_reg/Q
                         net (fo=4809, unplaced)      0.451     3.307    i_soc/i_cutie/rst_ni
                         LUT1 (Prop_lut1_I0_O)        0.295     3.602 f  i_soc/i_cutie/timeout_evt_q_i_2/O
                         net (fo=1130, unplaced)      0.916     4.518    i_soc/i_cutie/timeout_evt_q_i_2_n_0
                         FDCE                                         f  i_soc/i_cutie/act_rdata_q_reg[0]/CLR
  -------------------------------------------------------------------    -------------------

                         (clock sys_clk_pin rise edge)
                                                     10.000    10.000 r  
                                                      0.000    10.000 r  clk_i (IN)
                         net (fo=0)                   0.000    10.000    clk_i
                         IBUF (Prop_ibuf_I_O)         0.787    10.787 r  clk_i_IBUF_inst/O
                         net (fo=1, unplaced)         0.760    11.547    clk_i_IBUF
                         BUFG (Prop_bufg_I_O)         0.091    11.638 r  clk_i_IBUF_BUFG_inst/O
                         net (fo=101184, unplaced)    0.439    12.077    i_soc/i_cutie/clk_i
                         FDCE                                         r  i_soc/i_cutie/act_rdata_q_reg[0]/C
                         clock pessimism              0.178    12.255    
                         clock uncertainty           -0.035    12.220    
                         FDCE (Recov_fdce_C_CLR)     -0.409    11.811    i_soc/i_cutie/act_rdata_q_reg[0]
  -------------------------------------------------------------------
                         required time                         11.811    
                         arrival time                          -4.518    
  -------------------------------------------------------------------
                         slack                                  7.293    





Min Delay Paths
--------------------------------------------------------------------------------------
Slack (MET) :             0.705ns  (arrival time - required time)
  Source:                 i_soc/rst_n_q_reg/C
                            (rising edge-triggered cell FDCE clocked by sys_clk_pin  {rise@0.000ns fall@5.000ns period=10.000ns})
  Destination:            i_soc/i_pulp_cluster/gen_cores[0].i_core/sleep_unit_i/fetch_enable_q_reg/CLR
                            (removal check against rising-edge clock sys_clk_pin  {rise@0.000ns fall@5.000ns period=10.000ns})
  Path Group:             **async_default**
  Path Type:              Removal (Min at Fast Process Corner)
  Requirement:            0.000ns  (sys_clk_pin rise@0.000ns - sys_clk_pin rise@0.000ns)
  Data Path Delay:        0.756ns  (logic 0.239ns (31.605%)  route 0.517ns (68.395%))
  Logic Levels:           1  (LUT1=1)
  Clock Path Skew:        0.145ns (DCD - SCD - CPR)
    Destination Clock Delay (DCD):    0.981ns
    Source Clock Delay      (SCD):    0.627ns
    Clock Pessimism Removal (CPR):    0.209ns

    Location             Delay type                Incr(ns)  Path(ns)    Netlist Resource(s)
  -------------------------------------------------------------------    -------------------
                         (clock sys_clk_pin rise edge)
                                                      0.000     0.000 r  
                                                      0.000     0.000 r  clk_i (IN)
                         net (fo=0)                   0.000     0.000    clk_i
                         IBUF (Prop_ibuf_I_O)         0.150     0.150 r  clk_i_IBUF_inst/O
                         net (fo=1, unplaced)         0.337     0.487    clk_i_IBUF
                         BUFG (Prop_bufg_I_O)         0.026     0.513 r  clk_i_IBUF_BUFG_inst/O
                         net (fo=101184, unplaced)    0.114     0.627    i_soc/clk_i
                         FDCE                                         r  i_soc/rst_n_q_reg/C
  -------------------------------------------------------------------    -------------------
                         FDCE (Prop_fdce_C_Q)         0.141     0.768 r  i_soc/rst_n_q_reg/Q
                         net (fo=4809, unplaced)      0.190     0.958    i_soc/i_pulp_cluster/gen_cores[0].i_core/sleep_unit_i/rst_n
                         LUT1 (Prop_lut1_I0_O)        0.098     1.056 f  i_soc/i_pulp_cluster/gen_cores[0].i_core/sleep_unit_i/fetch_enable_q_i_1/O
                         net (fo=1, unplaced)         0.327     1.383    i_soc/i_pulp_cluster/gen_cores[0].i_core/sleep_unit_i/fetch_enable_q_i_1_n_0
                         FDCE                                         f  i_soc/i_pulp_cluster/gen_cores[0].i_core/sleep_unit_i/fetch_enable_q_reg/CLR
  -------------------------------------------------------------------    -------------------

                         (clock sys_clk_pin rise edge)
                                                      0.000     0.000 r  
                                                      0.000     0.000 r  clk_i (IN)
                         net (fo=0)                   0.000     0.000    clk_i
                         IBUF (Prop_ibuf_I_O)         0.338     0.338 r  clk_i_IBUF_inst/O
                         net (fo=1, unplaced)         0.355     0.693    clk_i_IBUF
                         BUFG (Prop_bufg_I_O)         0.029     0.722 r  clk_i_IBUF_BUFG_inst/O
                         net (fo=101184, unplaced)    0.259     0.981    i_soc/i_pulp_cluster/gen_cores[0].i_core/sleep_unit_i/clk_ungated_i
                         FDCE                                         r  i_soc/i_pulp_cluster/gen_cores[0].i_core/sleep_unit_i/fetch_enable_q_reg/C
                         clock pessimism             -0.209     0.772    
                         FDCE (Remov_fdce_C_CLR)     -0.094     0.678    i_soc/i_pulp_cluster/gen_cores[0].i_core/sleep_unit_i/fetch_enable_q_reg
  -------------------------------------------------------------------
                         required time                         -0.678    
                         arrival time                           1.383    
  -------------------------------------------------------------------
                         slack                                  0.705    





