
There are no discarded input sections

Memory Configuration

Name             Origin             Length             Attributes
L2_RAM           0x00000000         0x00040000         xrw
*default*        0x00000000         0xffffffff

Linker script and memory map

LOAD /tmp/ccpvGZUU.o
LOAD /tmp/ccOeUWAd.o

.text           0x00000000       0xb2
 *(.init)
 .init          0x00000000        0xc /tmp/ccpvGZUU.o
                0x00000000                _start
 *(.text*)
 .text          0x0000000c        0x0 /tmp/ccpvGZUU.o
 .text          0x0000000c        0x0 /tmp/ccOeUWAd.o
 .text.startup  0x0000000c       0xa6 /tmp/ccOeUWAd.o
                0x0000000c                main
 *(.rodata*)

.rela.dyn       0x000000b4        0x0
 .rela.init     0x000000b4        0x0 /tmp/ccpvGZUU.o

.data           0x000000b2        0x0
 *(.data*)
 .data          0x000000b2        0x0 /tmp/ccpvGZUU.o
 .data          0x000000b2        0x0 /tmp/ccOeUWAd.o

.bss            0x000000b2        0x0
 *(.bss*)
 .bss           0x000000b2        0x0 /tmp/ccpvGZUU.o
 .bss           0x000000b2        0x0 /tmp/ccOeUWAd.o
 *(COMMON)
                0x000000c0                        . = ALIGN (0x10)
                0x000000c0                        _end = .
                0x00040000                        _stack_top = (ORIGIN (L2_RAM) + LENGTH (L2_RAM))
OUTPUT(hello.elf elf32-littleriscv)

.riscv.attributes
                0x00000000       0x2f
 .riscv.attributes
                0x00000000       0x2d /tmp/ccpvGZUU.o
 .riscv.attributes
                0x0000002d       0x2f /tmp/ccOeUWAd.o

.comment        0x00000000       0x22
 .comment       0x00000000       0x22 /tmp/ccOeUWAd.o
                                 0x23 (size before relaxing)
